Archive member included to satisfy reference by file (symbol)

/home/furkan/st/stm32cubeide_1.6.1_2/plugins/com.st.stm32cube.ide.mcu.externaltools.gnu-tools-for-stm32.9-2020-q2-update.linux64_1.5.0.202011040924/tools/bin/../lib/gcc/arm-none-eabi/9.3.1/../../../../arm-none-eabi/lib/thumb/v7-m/nofp/libc_nano.a(lib_a-errno.o)
                              Core/Src/syscalls.o (__errno)
/home/furkan/st/stm32cubeide_1.6.1_2/plugins/com.st.stm32cube.ide.mcu.externaltools.gnu-tools-for-stm32.9-2020-q2-update.linux64_1.5.0.202011040924/tools/bin/../lib/gcc/arm-none-eabi/9.3.1/../../../../arm-none-eabi/lib/thumb/v7-m/nofp/libc_nano.a(lib_a-exit.o)
                              /home/furkan/st/stm32cubeide_1.6.1_2/plugins/com.st.stm32cube.ide.mcu.externaltools.gnu-tools-for-stm32.9-2020-q2-update.linux64_1.5.0.202011040924/tools/bin/../lib/gcc/arm-none-eabi/9.3.1/../../../../arm-none-eabi/lib/thumb/v7-m/nofp/crt0.o (exit)
/home/furkan/st/stm32cubeide_1.6.1_2/plugins/com.st.stm32cube.ide.mcu.externaltools.gnu-tools-for-stm32.9-2020-q2-update.linux64_1.5.0.202011040924/tools/bin/../lib/gcc/arm-none-eabi/9.3.1/../../../../arm-none-eabi/lib/thumb/v7-m/nofp/libc_nano.a(lib_a-impure.o)
                              /home/furkan/st/stm32cubeide_1.6.1_2/plugins/com.st.stm32cube.ide.mcu.externaltools.gnu-tools-for-stm32.9-2020-q2-update.linux64_1.5.0.202011040924/tools/bin/../lib/gcc/arm-none-eabi/9.3.1/../../../../arm-none-eabi/lib/thumb/v7-m/nofp/libc_nano.a(lib_a-exit.o) (_global_impure_ptr)
/home/furkan/st/stm32cubeide_1.6.1_2/plugins/com.st.stm32cube.ide.mcu.externaltools.gnu-tools-for-stm32.9-2020-q2-update.linux64_1.5.0.202011040924/tools/bin/../lib/gcc/arm-none-eabi/9.3.1/../../../../arm-none-eabi/lib/thumb/v7-m/nofp/libc_nano.a(lib_a-init.o)
                              /home/furkan/st/stm32cubeide_1.6.1_2/plugins/com.st.stm32cube.ide.mcu.externaltools.gnu-tools-for-stm32.9-2020-q2-update.linux64_1.5.0.202011040924/tools/bin/../lib/gcc/arm-none-eabi/9.3.1/../../../../arm-none-eabi/lib/thumb/v7-m/nofp/crt0.o (__libc_init_array)
/home/furkan/st/stm32cubeide_1.6.1_2/plugins/com.st.stm32cube.ide.mcu.externaltools.gnu-tools-for-stm32.9-2020-q2-update.linux64_1.5.0.202011040924/tools/bin/../lib/gcc/arm-none-eabi/9.3.1/../../../../arm-none-eabi/lib/thumb/v7-m/nofp/libc_nano.a(lib_a-memset.o)
                              /home/furkan/st/stm32cubeide_1.6.1_2/plugins/com.st.stm32cube.ide.mcu.externaltools.gnu-tools-for-stm32.9-2020-q2-update.linux64_1.5.0.202011040924/tools/bin/../lib/gcc/arm-none-eabi/9.3.1/../../../../arm-none-eabi/lib/thumb/v7-m/nofp/crt0.o (memset)

Allocating common symbols
Common symbol       size              file

hUsbDeviceFS        0x2c4             USB_DEVICE/App/usb_device.o
uwTick              0x4               Drivers/STM32F1xx_HAL_Driver/Src/stm32f1xx_hal.o
pFlash              0x20              Drivers/STM32F1xx_HAL_Driver/Src/stm32f1xx_hal_flash.o
UserRxBufferFS      0x3e8             USB_DEVICE/App/usbd_cdc_if.o
hadc1               0x30              Core/Src/main.o
UserTxBufferFS      0x3e8             USB_DEVICE/App/usbd_cdc_if.o
hdma_adc1           0x44              Core/Src/main.o
data                0xc               Core/Src/main.o
adc_buffer          0xc               Core/Src/main.o
hpcd_USB_FS         0x2ec             USB_DEVICE/Target/usbd_conf.o
USBD_StrDesc        0x200             USB_DEVICE/App/usbd_desc.o

Discarded input sections

 .text          0x0000000000000000        0x0 /home/furkan/st/stm32cubeide_1.6.1_2/plugins/com.st.stm32cube.ide.mcu.externaltools.gnu-tools-for-stm32.9-2020-q2-update.linux64_1.5.0.202011040924/tools/bin/../lib/gcc/arm-none-eabi/9.3.1/thumb/v7-m/nofp/crti.o
 .data          0x0000000000000000        0x0 /home/furkan/st/stm32cubeide_1.6.1_2/plugins/com.st.stm32cube.ide.mcu.externaltools.gnu-tools-for-stm32.9-2020-q2-update.linux64_1.5.0.202011040924/tools/bin/../lib/gcc/arm-none-eabi/9.3.1/thumb/v7-m/nofp/crti.o
 .bss           0x0000000000000000        0x0 /home/furkan/st/stm32cubeide_1.6.1_2/plugins/com.st.stm32cube.ide.mcu.externaltools.gnu-tools-for-stm32.9-2020-q2-update.linux64_1.5.0.202011040924/tools/bin/../lib/gcc/arm-none-eabi/9.3.1/thumb/v7-m/nofp/crti.o
 .data          0x0000000000000000        0x4 /home/furkan/st/stm32cubeide_1.6.1_2/plugins/com.st.stm32cube.ide.mcu.externaltools.gnu-tools-for-stm32.9-2020-q2-update.linux64_1.5.0.202011040924/tools/bin/../lib/gcc/arm-none-eabi/9.3.1/thumb/v7-m/nofp/crtbegin.o
 .text          0x0000000000000000       0x7c /home/furkan/st/stm32cubeide_1.6.1_2/plugins/com.st.stm32cube.ide.mcu.externaltools.gnu-tools-for-stm32.9-2020-q2-update.linux64_1.5.0.202011040924/tools/bin/../lib/gcc/arm-none-eabi/9.3.1/../../../../arm-none-eabi/lib/thumb/v7-m/nofp/crt0.o
[...]
Memory Configuration

Name             Origin             Length             Attributes
RAM              0x0000000020000000 0x0000000000005000 xrw
FLASH            0x0000000008000000 0x0000000000010000 xr
*default*        0x0000000000000000 0xffffffffffffffff

Linker script and memory map

LOAD /home/furkan/st/stm32cubeide_1.6.1_2/plugins/com.st.stm32cube.ide.mcu.externaltools.gnu-tools-for-stm32.9-2020-q2-update.linux64_1.5.0.202011040924/tools/bin/../lib/gcc/arm-none-eabi/9.3.1/thumb/v7-m/nofp/crti.o
LOAD /home/furkan/st/stm32cubeide_1.6.1_2/plugins/com.st.stm32cube.ide.mcu.externaltools.gnu-tools-for-stm32.9-2020-q2-update.linux64_1.5.0.202011040924/tools/bin/../lib/gcc/arm-none-eabi/9.3.1/thumb/v7-m/nofp/crtbegin.o
LOAD /home/furkan/st/stm32cubeide_1.6.1_2/plugins/com.st.stm32cube.ide.mcu.externaltools.gnu-tools-for-stm32.9-2020-q2-update.linux64_1.5.0.202011040924/tools/bin/../lib/gcc/arm-none-eabi/9.3.1/../../../../arm-none-eabi/lib/thumb/v7-m/nofp/crt0.o
LOAD Core/Src/main.o
LOAD Core/Src/stm32f1xx_hal_msp.o
LOAD Core/Src/stm32f1xx_it.o
LOAD Core/Src/syscalls.o
LOAD Core/Src/sysmem.o
LOAD Core/Src/system_stm32f1xx.o
LOAD Core/Startup/startup_stm32f103c8tx.o
LOAD Drivers/STM32F1xx_HAL_Driver/Src/stm32f1xx_hal.o
LOAD Drivers/STM32F1xx_HAL_Driver/Src/stm32f1xx_hal_adc.o
LOAD Drivers/STM32F1xx_HAL_Driver/Src/stm32f1xx_hal_adc_ex.o
LOAD Drivers/STM32F1xx_HAL_Driver/Src/stm32f1xx_hal_cortex.o
LOAD Drivers/STM32F1xx_HAL_Driver/Src/stm32f1xx_hal_dma.o
LOAD Drivers/STM32F1xx_HAL_Driver/Src/stm32f1xx_hal_exti.o
LOAD Drivers/STM32F1xx_HAL_Driver/Src/stm32f1xx_hal_flash.o
LOAD Drivers/STM32F1xx_HAL_Driver/Src/stm32f1xx_hal_flash_ex.o
LOAD Drivers/STM32F1xx_HAL_Driver/Src/stm32f1xx_hal_gpio.o
LOAD Drivers/STM32F1xx_HAL_Driver/Src/stm32f1xx_hal_gpio_ex.o
LOAD Drivers/STM32F1xx_HAL_Driver/Src/stm32f1xx_hal_pcd.o
LOAD Drivers/STM32F1xx_HAL_Driver/Src/stm32f1xx_hal_pcd_ex.o
LOAD Drivers/STM32F1xx_HAL_Driver/Src/stm32f1xx_hal_pwr.o
LOAD Drivers/STM32F1xx_HAL_Driver/Src/stm32f1xx_hal_rcc.o
LOAD Drivers/STM32F1xx_HAL_Driver/Src/stm32f1xx_hal_rcc_ex.o
LOAD Drivers/STM32F1xx_HAL_Driver/Src/stm32f1xx_hal_tim.o
LOAD Drivers/STM32F1xx_HAL_Driver/Src/stm32f1xx_hal_tim_ex.o
LOAD Drivers/STM32F1xx_HAL_Driver/Src/stm32f1xx_ll_usb.o
LOAD Middlewares/ST/STM32_USB_Device_Library/Class/CDC/Src/usbd_cdc.o
LOAD Middlewares/ST/STM32_USB_Device_Library/Core/Src/usbd_core.o
LOAD Middlewares/ST/STM32_USB_Device_Library/Core/Src/usbd_ctlreq.o
LOAD Middlewares/ST/STM32_USB_Device_Library/Core/Src/usbd_ioreq.o
LOAD USB_DEVICE/App/usb_device.o
LOAD USB_DEVICE/App/usbd_cdc_if.o
LOAD USB_DEVICE/App/usbd_desc.o
LOAD USB_DEVICE/Target/usbd_conf.o
START GROUP
LOAD /home/furkan/st/stm32cubeide_1.6.1_2/plugins/com.st.stm32cube.ide.mcu.externaltools.gnu-tools-for-stm32.9-2020-q2-update.linux64_1.5.0.202011040924/tools/bin/../lib/gcc/arm-none-eabi/9.3.1/../../../../arm-none-eabi/lib/thumb/v7-m/nofp/libc_nano.a
LOAD /home/furkan/st/stm32cubeide_1.6.1_2/plugins/com.st.stm32cube.ide.mcu.externaltools.gnu-tools-for-stm32.9-2020-q2-update.linux64_1.5.0.202011040924/tools/bin/../lib/gcc/arm-none-eabi/9.3.1/../../../../arm-none-eabi/lib/thumb/v7-m/nofp/libm.a
END GROUP
START GROUP
LOAD /home/furkan/st/stm32cubeide_1.6.1_2/plugins/com.st.stm32cube.ide.mcu.externaltools.gnu-tools-for-stm32.9-2020-q2-update.linux64_1.5.0.202011040924/tools/bin/../lib/gcc/arm-none-eabi/9.3.1/thumb/v7-m/nofp/libgcc.a
LOAD /home/furkan/st/stm32cubeide_1.6.1_2/plugins/com.st.stm32cube.ide.mcu.externaltools.gnu-tools-for-stm32.9-2020-q2-update.linux64_1.5.0.202011040924/tools/bin/../lib/gcc/arm-none-eabi/9.3.1/../../../../arm-none-eabi/lib/thumb/v7-m/nofp/libc_nano.a
END GROUP
START GROUP
LOAD /home/furkan/st/stm32cubeide_1.6.1_2/plugins/com.st.stm32cube.ide.mcu.externaltools.gnu-tools-for-stm32.9-2020-q2-update.linux64_1.5.0.202011040924/tools/bin/../lib/gcc/arm-none-eabi/9.3.1/thumb/v7-m/nofp/libgcc.a
LOAD /home/furkan/st/stm32cubeide_1.6.1_2/plugins/com.st.stm32cube.ide.mcu.externaltools.gnu-tools-for-stm32.9-2020-q2-update.linux64_1.5.0.202011040924/tools/bin/../lib/gcc/arm-none-eabi/9.3.1/../../../../arm-none-eabi/lib/thumb/v7-m/nofp/libc_nano.a
LOAD /home/furkan/st/stm32cubeide_1.6.1_2/plugins/com.st.stm32cube.ide.mcu.externaltools.gnu-tools-for-stm32.9-2020-q2-update.linux64_1.5.0.202011040924/tools/bin/../lib/gcc/arm-none-eabi/9.3.1/../../../../arm-none-eabi/lib/thumb/v7-m/nofp/libnosys.a
END GROUP
START GROUP
LOAD /home/furkan/st/stm32cubeide_1.6.1_2/plugins/com.st.stm32cube.ide.mcu.externaltools.gnu-tools-for-stm32.9-2020-q2-update.linux64_1.5.0.202011040924/tools/bin/../lib/gcc/arm-none-eabi/9.3.1/thumb/v7-m/nofp/libgcc.a
LOAD /home/furkan/st/stm32cubeide_1.6.1_2/plugins/com.st.stm32cube.ide.mcu.externaltools.gnu-tools-for-stm32.9-2020-q2-update.linux64_1.5.0.202011040924/tools/bin/../lib/gcc/arm-none-eabi/9.3.1/../../../../arm-none-eabi/lib/thumb/v7-m/nofp/libc_nano.a
LOAD /home/furkan/st/stm32cubeide_1.6.1_2/plugins/com.st.stm32cube.ide.mcu.externaltools.gnu-tools-for-stm32.9-2020-q2-update.linux64_1.5.0.202011040924/tools/bin/../lib/gcc/arm-none-eabi/9.3.1/../../../../arm-none-eabi/lib/thumb/v7-m/nofp/libnosys.a
END GROUP
LOAD /home/furkan/st/stm32cubeide_1.6.1_2/plugins/com.st.stm32cube.ide.mcu.externaltools.gnu-tools-for-stm32.9-2020-q2-update.linux64_1.5.0.202011040924/tools/bin/../lib/gcc/arm-none-eabi/9.3.1/thumb/v7-m/nofp/crtend.o
LOAD /home/furkan/st/stm32cubeide_1.6.1_2/plugins/com.st.stm32cube.ide.mcu.externaltools.gnu-tools-for-stm32.9-2020-q2-update.linux64_1.5.0.202011040924/tools/bin/../lib/gcc/arm-none-eabi/9.3.1/thumb/v7-m/nofp/crtn.o
                0x0000000020005000                _estack = (ORIGIN (RAM) + LENGTH (RAM))
                0x0000000000000200                _Min_Heap_Size = 0x200
                0x0000000000000400                _Min_Stack_Size = 0x400

.isr_vector     0x0000000008000000      0x10c
                0x0000000008000000                . = ALIGN (0x4)
 *(.isr_vector)
 .isr_vector    0x0000000008000000      0x10c Core/Startup/startup_stm32f103c8tx.o
                0x0000000008000000                g_pfnVectors
                0x000000000800010c                . = ALIGN (0x4)

.text           0x000000000800010c     0x7884
                0x000000000800010c                . = ALIGN (0x4)
 *(.text)
 .text          0x000000000800010c       0x40 /home/furkan/st/stm32cubeide_1.6.1_2/plugins/com.st.stm32cube.ide.mcu.externaltools.gnu-tools-for-stm32.9-2020-q2-update.linux64_1.5.0.202011040924/tools/bin/../lib/gcc/arm-none-eabi/9.3.1/thumb/v7-m/nofp/crtbegin.o
 *(.text*)
 .text.HAL_ADC_ConvCpltCallback
                0x000000000800014c       0x40 Core/Src/main.o
                0x000000000800014c                HAL_ADC_ConvCpltCallback
 .text.main     0x000000000800018c       0x3c Core/Src/main.o
                0x000000000800018c                main
 .text.SystemClock_Config
                0x00000000080001c8       0xba Core/Src/main.o
                0x00000000080001c8                SystemClock_Config
 *fill*         0x0000000008000282        0x2 
 .text.MX_ADC1_Init
                0x0000000008000284       0xb8 Core/Src/main.o
 .text.MX_DMA_Init
                0x000000000800033c       0x3c Core/Src/main.o
 .text.MX_GPIO_Init
                0x0000000008000378       0x5c Core/Src/main.o
 .text.Error_Handler
                0x00000000080003d4        0xa Core/Src/main.o
                0x00000000080003d4                Error_Handler
 *fill*         0x00000000080003de        0x2 
 .text.HAL_MspInit
                0x00000000080003e0       0x64 Core/Src/stm32f1xx_hal_msp.o
                0x00000000080003e0                HAL_MspInit
 .text.HAL_ADC_MspInit
                0x0000000008000444      0x104 Core/Src/stm32f1xx_hal_msp.o
                0x0000000008000444                HAL_ADC_MspInit
 .text.NMI_Handler
                0x0000000008000548        0x6 Core/Src/stm32f1xx_it.o
                0x0000000008000548                NMI_Handler
 .text.HardFault_Handler
                0x000000000800054e        0x6 Core/Src/stm32f1xx_it.o
                0x000000000800054e                HardFault_Handler
 .text.MemManage_Handler
                0x0000000008000554        0x6 Core/Src/stm32f1xx_it.o
                0x0000000008000554                MemManage_Handler
 .text.BusFault_Handler
                0x000000000800055a        0x6 Core/Src/stm32f1xx_it.o
                0x000000000800055a                BusFault_Handler
 .text.UsageFault_Handler
                0x0000000008000560        0x6 Core/Src/stm32f1xx_it.o
                0x0000000008000560                UsageFault_Handler
 .text.SVC_Handler
                0x0000000008000566        0xc Core/Src/stm32f1xx_it.o
                0x0000000008000566                SVC_Handler
 .text.DebugMon_Handler
                0x0000000008000572        0xc Core/Src/stm32f1xx_it.o
                0x0000000008000572                DebugMon_Handler
 .text.PendSV_Handler
                0x000000000800057e        0xc Core/Src/stm32f1xx_it.o
                0x000000000800057e                PendSV_Handler
 .text.SysTick_Handler
                0x000000000800058a        0xc Core/Src/stm32f1xx_it.o
                0x000000000800058a                SysTick_Handler
 *fill*         0x0000000008000596        0x2 
 .text.DMA1_Channel1_IRQHandler
                0x0000000008000598       0x14 Core/Src/stm32f1xx_it.o
                0x0000000008000598                DMA1_Channel1_IRQHandler
 .text.USB_LP_CAN1_RX0_IRQHandler
                0x00000000080005ac       0x14 Core/Src/stm32f1xx_it.o
                0x00000000080005ac                USB_LP_CAN1_RX0_IRQHandler
 .text.SystemInit
                0x00000000080005c0        0xc Core/Src/system_stm32f1xx.o
                0x00000000080005c0                SystemInit
 .text.Reset_Handler
                0x00000000080005cc       0x48 Core/Startup/startup_stm32f103c8tx.o
                0x00000000080005cc                Reset_Handler
 .text.Default_Handler
                0x0000000008000614        0x2 Core/Startup/startup_stm32f103c8tx.o
                0x0000000008000614                RTC_Alarm_IRQHandler
                0x0000000008000614                EXTI2_IRQHandler
                0x0000000008000614                TIM1_CC_IRQHandler
                0x0000000008000614                PVD_IRQHandler
                0x0000000008000614                EXTI3_IRQHandler
                0x0000000008000614                EXTI0_IRQHandler
                0x0000000008000614                I2C2_EV_IRQHandler
                0x0000000008000614                ADC1_2_IRQHandler
                0x0000000008000614                SPI1_IRQHandler
                0x0000000008000614                TAMPER_IRQHandler
                0x0000000008000614                DMA1_Channel4_IRQHandler
                0x0000000008000614                USART3_IRQHandler
                0x0000000008000614                RTC_IRQHandler
                0x0000000008000614                DMA1_Channel7_IRQHandler
                0x0000000008000614                CAN1_RX1_IRQHandler
                0x0000000008000614                TIM4_IRQHandler
                0x0000000008000614                I2C1_EV_IRQHandler
                0x0000000008000614                DMA1_Channel6_IRQHandler
                0x0000000008000614                TIM3_IRQHandler
                0x0000000008000614                RCC_IRQHandler
                0x0000000008000614                TIM1_TRG_COM_IRQHandler
                0x0000000008000614                Default_Handler
                0x0000000008000614                EXTI15_10_IRQHandler
                0x0000000008000614                EXTI9_5_IRQHandler
                0x0000000008000614                SPI2_IRQHandler
                0x0000000008000614                DMA1_Channel5_IRQHandler
                0x0000000008000614                EXTI4_IRQHandler
                0x0000000008000614                USB_HP_CAN1_TX_IRQHandler
                0x0000000008000614                DMA1_Channel3_IRQHandler
                0x0000000008000614                TIM1_UP_IRQHandler
                0x0000000008000614                WWDG_IRQHandler
                0x0000000008000614                TIM2_IRQHandler
                0x0000000008000614                TIM1_BRK_IRQHandler
                0x0000000008000614                EXTI1_IRQHandler
                0x0000000008000614                USART2_IRQHandler
                0x0000000008000614                I2C2_ER_IRQHandler
                0x0000000008000614                DMA1_Channel2_IRQHandler
                0x0000000008000614                CAN1_SCE_IRQHandler
                0x0000000008000614                FLASH_IRQHandler
                0x0000000008000614                USART1_IRQHandler
                0x0000000008000614                I2C1_ER_IRQHandler
                0x0000000008000614                USBWakeUp_IRQHandler
 *fill*         0x0000000008000616        0x2 
 .text.HAL_Init
                0x0000000008000618       0x2c Drivers/STM32F1xx_HAL_Driver/Src/stm32f1xx_hal.o
                0x0000000008000618                HAL_Init
 .text.HAL_InitTick
                0x0000000008000644       0x60 Drivers/STM32F1xx_HAL_Driver/Src/stm32f1xx_hal.o
                0x0000000008000644                HAL_InitTick
 .text.HAL_IncTick
                0x00000000080006a4       0x24 Drivers/STM32F1xx_HAL_Driver/Src/stm32f1xx_hal.o
                0x00000000080006a4                HAL_IncTick
 .text.HAL_GetTick
                0x00000000080006c8       0x14 Drivers/STM32F1xx_HAL_Driver/Src/stm32f1xx_hal.o
                0x00000000080006c8                HAL_GetTick
 .text.HAL_ADC_Init
                0x00000000080006dc      0x1b0 Drivers/STM32F1xx_HAL_Driver/Src/stm32f1xx_hal_adc.o
                0x00000000080006dc                HAL_ADC_Init
 .text.HAL_ADC_Start_DMA
                0x000000000800088c      0x1bc Drivers/STM32F1xx_HAL_Driver/Src/stm32f1xx_hal_adc.o
                0x000000000800088c                HAL_ADC_Start_DMA
 .text.HAL_ADC_ConvHalfCpltCallback
                0x0000000008000a48       0x12 Drivers/STM32F1xx_HAL_Driver/Src/stm32f1xx_hal_adc.o
                0x0000000008000a48                HAL_ADC_ConvHalfCpltCallback
 .text.HAL_ADC_ErrorCallback
                0x0000000008000a5a       0x12 Drivers/STM32F1xx_HAL_Driver/Src/stm32f1xx_hal_adc.o
                0x0000000008000a5a                HAL_ADC_ErrorCallback
 .text.HAL_ADC_ConfigChannel
                0x0000000008000a6c      0x1f0 Drivers/STM32F1xx_HAL_Driver/Src/stm32f1xx_hal_adc.o
                0x0000000008000a6c                HAL_ADC_ConfigChannel
 .text.ADC_Enable
                0x0000000008000c5c       0xa4 Drivers/STM32F1xx_HAL_Driver/Src/stm32f1xx_hal_adc.o
                0x0000000008000c5c                ADC_Enable
 .text.ADC_ConversionStop_Disable
                0x0000000008000d00       0x74 Drivers/STM32F1xx_HAL_Driver/Src/stm32f1xx_hal_adc.o
                0x0000000008000d00                ADC_ConversionStop_Disable
 .text.ADC_DMAConvCplt
                0x0000000008000d74       0x7c Drivers/STM32F1xx_HAL_Driver/Src/stm32f1xx_hal_adc.o
                0x0000000008000d74                ADC_DMAConvCplt
 .text.ADC_DMAHalfConvCplt
                0x0000000008000df0       0x1c Drivers/STM32F1xx_HAL_Driver/Src/stm32f1xx_hal_adc.o
                0x0000000008000df0                ADC_DMAHalfConvCplt
 .text.ADC_DMAError
                0x0000000008000e0c       0x34 Drivers/STM32F1xx_HAL_Driver/Src/stm32f1xx_hal_adc.o
                0x0000000008000e0c                ADC_DMAError
 .text.__NVIC_SetPriorityGrouping
                0x0000000008000e40       0x48 Drivers/STM32F1xx_HAL_Driver/Src/stm32f1xx_hal_cortex.o
 .text.__NVIC_GetPriorityGrouping
                0x0000000008000e88       0x1c Drivers/STM32F1xx_HAL_Driver/Src/stm32f1xx_hal_cortex.o
 .text.__NVIC_EnableIRQ
                0x0000000008000ea4       0x38 Drivers/STM32F1xx_HAL_Driver/Src/stm32f1xx_hal_cortex.o
 .text.__NVIC_SetPriority
                0x0000000008000edc       0x54 Drivers/STM32F1xx_HAL_Driver/Src/stm32f1xx_hal_cortex.o
 .text.NVIC_EncodePriority
                0x0000000008000f30       0x64 Drivers/STM32F1xx_HAL_Driver/Src/stm32f1xx_hal_cortex.o
 .text.SysTick_Config
                0x0000000008000f94       0x44 Drivers/STM32F1xx_HAL_Driver/Src/stm32f1xx_hal_cortex.o
 .text.HAL_NVIC_SetPriorityGrouping
                0x0000000008000fd8       0x16 Drivers/STM32F1xx_HAL_Driver/Src/stm32f1xx_hal_cortex.o
                0x0000000008000fd8                HAL_NVIC_SetPriorityGrouping
 .text.HAL_NVIC_SetPriority
                0x0000000008000fee       0x38 Drivers/STM32F1xx_HAL_Driver/Src/stm32f1xx_hal_cortex.o
                0x0000000008000fee                HAL_NVIC_SetPriority
 .text.HAL_NVIC_EnableIRQ
                0x0000000008001026       0x1c Drivers/STM32F1xx_HAL_Driver/Src/stm32f1xx_hal_cortex.o
                0x0000000008001026                HAL_NVIC_EnableIRQ
 .text.HAL_SYSTICK_Config
                0x0000000008001042       0x18 Drivers/STM32F1xx_HAL_Driver/Src/stm32f1xx_hal_cortex.o
                0x0000000008001042                HAL_SYSTICK_Config
 *fill*         0x000000000800105a        0x2 
 .text.HAL_DMA_Init
                0x000000000800105c       0xb4 Drivers/STM32F1xx_HAL_Driver/Src/stm32f1xx_hal_dma.o
                0x000000000800105c                HAL_DMA_Init
 .text.HAL_DMA_Start_IT
                0x0000000008001110       0xbe Drivers/STM32F1xx_HAL_Driver/Src/stm32f1xx_hal_dma.o
                0x0000000008001110                HAL_DMA_Start_IT
 *fill*         0x00000000080011ce        0x2 
 .text.HAL_DMA_IRQHandler
                0x00000000080011d0      0x20c Drivers/STM32F1xx_HAL_Driver/Src/stm32f1xx_hal_dma.o
                0x00000000080011d0                HAL_DMA_IRQHandler
 .text.DMA_SetConfig
                0x00000000080013dc       0x5a Drivers/STM32F1xx_HAL_Driver/Src/stm32f1xx_hal_dma.o
 *fill*         0x0000000008001436        0x2 
 .text.HAL_GPIO_Init
                0x0000000008001438      0x308 Drivers/STM32F1xx_HAL_Driver/Src/stm32f1xx_hal_gpio.o
                0x0000000008001438                HAL_GPIO_Init
 .text.HAL_PCD_Init
                0x0000000008001740      0x216 Drivers/STM32F1xx_HAL_Driver/Src/stm32f1xx_hal_pcd.o
                0x0000000008001740                HAL_PCD_Init
 .text.HAL_PCD_Start
                0x0000000008001956       0x4c Drivers/STM32F1xx_HAL_Driver/Src/stm32f1xx_hal_pcd.o
                0x0000000008001956                HAL_PCD_Start
 .text.HAL_PCD_IRQHandler
                0x00000000080019a2      0x2aa Drivers/STM32F1xx_HAL_Driver/Src/stm32f1xx_hal_pcd.o
                0x00000000080019a2                HAL_PCD_IRQHandler
 .text.HAL_PCD_SetAddress
                0x0000000008001c4c       0x4a Drivers/STM32F1xx_HAL_Driver/Src/stm32f1xx_hal_pcd.o
                0x0000000008001c4c                HAL_PCD_SetAddress
 .text.HAL_PCD_EP_Open
                0x0000000008001c96       0xcc Drivers/STM32F1xx_HAL_Driver/Src/stm32f1xx_hal_pcd.o
                0x0000000008001c96                HAL_PCD_EP_Open
 .text.HAL_PCD_EP_Close
                0x0000000008001d62       0x90 Drivers/STM32F1xx_HAL_Driver/Src/stm32f1xx_hal_pcd.o
                0x0000000008001d62                HAL_PCD_EP_Close
 .text.HAL_PCD_EP_Receive
                0x0000000008001df2       0x7a Drivers/STM32F1xx_HAL_Driver/Src/stm32f1xx_hal_pcd.o
                0x0000000008001df2                HAL_PCD_EP_Receive
 .text.HAL_PCD_EP_GetRxCount
                0x0000000008001e6c       0x2e Drivers/STM32F1xx_HAL_Driver/Src/stm32f1xx_hal_pcd.o
                0x0000000008001e6c                HAL_PCD_EP_GetRxCount
 .text.HAL_PCD_EP_Transmit
                0x0000000008001e9a       0x86 Drivers/STM32F1xx_HAL_Driver/Src/stm32f1xx_hal_pcd.o
                0x0000000008001e9a                HAL_PCD_EP_Transmit
 .text.HAL_PCD_EP_SetStall
                0x0000000008001f20       0xc0 Drivers/STM32F1xx_HAL_Driver/Src/stm32f1xx_hal_pcd.o
                0x0000000008001f20                HAL_PCD_EP_SetStall
 .text.HAL_PCD_EP_ClrStall
                0x0000000008001fe0       0xa8 Drivers/STM32F1xx_HAL_Driver/Src/stm32f1xx_hal_pcd.o
                0x0000000008001fe0                HAL_PCD_EP_ClrStall
 .text.PCD_EP_ISR_Handler
                0x0000000008002088      0x5e6 Drivers/STM32F1xx_HAL_Driver/Src/stm32f1xx_hal_pcd.o
 .text.HAL_PCD_EP_DB_Receive
                0x000000000800266e      0x21a Drivers/STM32F1xx_HAL_Driver/Src/stm32f1xx_hal_pcd.o
 .text.HAL_PCD_EP_DB_Transmit
                0x0000000008002888      0x556 Drivers/STM32F1xx_HAL_Driver/Src/stm32f1xx_hal_pcd.o
 .text.HAL_PCDEx_PMAConfig
                0x0000000008002dde       0x84 Drivers/STM32F1xx_HAL_Driver/Src/stm32f1xx_hal_pcd_ex.o
                0x0000000008002dde                HAL_PCDEx_PMAConfig
 *fill*         0x0000000008002e62        0x2 
 .text.HAL_RCC_OscConfig
                0x0000000008002e64      0x500 Drivers/STM32F1xx_HAL_Driver/Src/stm32f1xx_hal_rcc.o
                0x0000000008002e64                HAL_RCC_OscConfig
 .text.HAL_RCC_ClockConfig
                0x0000000008003364      0x1d4 Drivers/STM32F1xx_HAL_Driver/Src/stm32f1xx_hal_rcc.o
                0x0000000008003364                HAL_RCC_ClockConfig
 .text.HAL_RCC_GetSysClockFreq
                0x0000000008003538       0xc0 Drivers/STM32F1xx_HAL_Driver/Src/stm32f1xx_hal_rcc.o
                0x0000000008003538                HAL_RCC_GetSysClockFreq
 .text.RCC_Delay
                0x00000000080035f8       0x3c Drivers/STM32F1xx_HAL_Driver/Src/stm32f1xx_hal_rcc.o
 .text.HAL_RCCEx_PeriphCLKConfig
                0x0000000008003634      0x16c Drivers/STM32F1xx_HAL_Driver/Src/stm32f1xx_hal_rcc_ex.o
                0x0000000008003634                HAL_RCCEx_PeriphCLKConfig
 .text.USB_CoreInit
                0x00000000080037a0       0x20 Drivers/STM32F1xx_HAL_Driver/Src/stm32f1xx_ll_usb.o
                0x00000000080037a0                USB_CoreInit
 .text.USB_EnableGlobalInt
                0x00000000080037c0       0x2c Drivers/STM32F1xx_HAL_Driver/Src/stm32f1xx_ll_usb.o
                0x00000000080037c0                USB_EnableGlobalInt
 .text.USB_DisableGlobalInt
                0x00000000080037ec       0x34 Drivers/STM32F1xx_HAL_Driver/Src/stm32f1xx_ll_usb.o
                0x00000000080037ec                USB_DisableGlobalInt
 .text.USB_SetCurrentMode
                0x0000000008003820       0x18 Drivers/STM32F1xx_HAL_Driver/Src/stm32f1xx_ll_usb.o
                0x0000000008003820                USB_SetCurrentMode
 .text.USB_DevInit
                0x0000000008003838       0x40 Drivers/STM32F1xx_HAL_Driver/Src/stm32f1xx_ll_usb.o
                0x0000000008003838                USB_DevInit
 .text.USB_ActivateEndpoint
                0x0000000008003878      0x6d4 Drivers/STM32F1xx_HAL_Driver/Src/stm32f1xx_ll_usb.o
                0x0000000008003878                USB_ActivateEndpoint
 .text.USB_DeactivateEndpoint
                0x0000000008003f4c      0x3d8 Drivers/STM32F1xx_HAL_Driver/Src/stm32f1xx_ll_usb.o
                0x0000000008003f4c                USB_DeactivateEndpoint
 .text.USB_EPStartXfer
                0x0000000008004324     0x1240 Drivers/STM32F1xx_HAL_Driver/Src/stm32f1xx_ll_usb.o
                0x0000000008004324                USB_EPStartXfer
 .text.USB_EPSetStall
                0x0000000008005564       0xa0 Drivers/STM32F1xx_HAL_Driver/Src/stm32f1xx_ll_usb.o
                0x0000000008005564                USB_EPSetStall
 .text.USB_EPClearStall
                0x0000000008005604      0x15a Drivers/STM32F1xx_HAL_Driver/Src/stm32f1xx_ll_usb.o
                0x0000000008005604                USB_EPClearStall
 .text.USB_SetDevAddress
                0x000000000800575e       0x26 Drivers/STM32F1xx_HAL_Driver/Src/stm32f1xx_ll_usb.o
                0x000000000800575e                USB_SetDevAddress
 .text.USB_DevConnect
                0x0000000008005784       0x14 Drivers/STM32F1xx_HAL_Driver/Src/stm32f1xx_ll_usb.o
                0x0000000008005784                USB_DevConnect
 .text.USB_DevDisconnect
                0x0000000008005798       0x14 Drivers/STM32F1xx_HAL_Driver/Src/stm32f1xx_ll_usb.o
                0x0000000008005798                USB_DevDisconnect
 .text.USB_ReadInterrupts
                0x00000000080057ac       0x1e Drivers/STM32F1xx_HAL_Driver/Src/stm32f1xx_ll_usb.o
                0x00000000080057ac                USB_ReadInterrupts
 .text.USB_EP0_OutStart
                0x00000000080057ca       0x16 Drivers/STM32F1xx_HAL_Driver/Src/stm32f1xx_ll_usb.o
                0x00000000080057ca                USB_EP0_OutStart
 .text.USB_WritePMA
                0x00000000080057e0       0x8a Drivers/STM32F1xx_HAL_Driver/Src/stm32f1xx_ll_usb.o
                0x00000000080057e0                USB_WritePMA
 .text.USB_ReadPMA
                0x000000000800586a       0x9e Drivers/STM32F1xx_HAL_Driver/Src/stm32f1xx_ll_usb.o
                0x000000000800586a                USB_ReadPMA
 .text.USBD_CDC_Init
                0x0000000008005908       0xf4 Middlewares/ST/STM32_USB_Device_Library/Class/CDC/Src/usbd_cdc.o
 .text.USBD_CDC_DeInit
                0x00000000080059fc       0x6e Middlewares/ST/STM32_USB_Device_Library/Class/CDC/Src/usbd_cdc.o
 .text.USBD_CDC_Setup
                0x0000000008005a6a      0x146 Middlewares/ST/STM32_USB_Device_Library/Class/CDC/Src/usbd_cdc.o
 .text.USBD_CDC_DataIn
                0x0000000008005bb0       0xa6 Middlewares/ST/STM32_USB_Device_Library/Class/CDC/Src/usbd_cdc.o
 .text.USBD_CDC_DataOut
                0x0000000008005c56       0x56 Middlewares/ST/STM32_USB_Device_Library/Class/CDC/Src/usbd_cdc.o
 .text.USBD_CDC_EP0_RxReady
                0x0000000008005cac       0x50 Middlewares/ST/STM32_USB_Device_Library/Class/CDC/Src/usbd_cdc.o
 .text.USBD_CDC_GetFSCfgDesc
                0x0000000008005cfc       0x20 Middlewares/ST/STM32_USB_Device_Library/Class/CDC/Src/usbd_cdc.o
 .text.USBD_CDC_GetHSCfgDesc
                0x0000000008005d1c       0x20 Middlewares/ST/STM32_USB_Device_Library/Class/CDC/Src/usbd_cdc.o
 .text.USBD_CDC_GetOtherSpeedCfgDesc
                0x0000000008005d3c       0x20 Middlewares/ST/STM32_USB_Device_Library/Class/CDC/Src/usbd_cdc.o
 .text.USBD_CDC_GetDeviceQualifierDescriptor
                0x0000000008005d5c       0x20 Middlewares/ST/STM32_USB_Device_Library/Class/CDC/Src/usbd_cdc.o
                0x0000000008005d5c                USBD_CDC_GetDeviceQualifierDescriptor
 .text.USBD_CDC_RegisterInterface
                0x0000000008005d7c       0x2c Middlewares/ST/STM32_USB_Device_Library/Class/CDC/Src/usbd_cdc.o
                0x0000000008005d7c                USBD_CDC_RegisterInterface
 .text.USBD_CDC_SetTxBuffer
                0x0000000008005da8       0x32 Middlewares/ST/STM32_USB_Device_Library/Class/CDC/Src/usbd_cdc.o
                0x0000000008005da8                USBD_CDC_SetTxBuffer
 .text.USBD_CDC_SetRxBuffer
                0x0000000008005dda       0x26 Middlewares/ST/STM32_USB_Device_Library/Class/CDC/Src/usbd_cdc.o
                0x0000000008005dda                USBD_CDC_SetRxBuffer
 .text.USBD_CDC_TransmitPacket
                0x0000000008005e00       0x5e Middlewares/ST/STM32_USB_Device_Library/Class/CDC/Src/usbd_cdc.o
                0x0000000008005e00                USBD_CDC_TransmitPacket
 .text.USBD_CDC_ReceivePacket
                0x0000000008005e5e       0x54 Middlewares/ST/STM32_USB_Device_Library/Class/CDC/Src/usbd_cdc.o
                0x0000000008005e5e                USBD_CDC_ReceivePacket
 .text.USBD_Init
                0x0000000008005eb2       0x56 Middlewares/ST/STM32_USB_Device_Library/Core/Src/usbd_core.o
                0x0000000008005eb2                USBD_Init
 .text.USBD_RegisterClass
                0x0000000008005f08       0x32 Middlewares/ST/STM32_USB_Device_Library/Core/Src/usbd_core.o
                0x0000000008005f08                USBD_RegisterClass
 .text.USBD_Start
                0x0000000008005f3a       0x18 Middlewares/ST/STM32_USB_Device_Library/Core/Src/usbd_core.o
                0x0000000008005f3a                USBD_Start
 .text.USBD_RunTestMode
                0x0000000008005f52       0x14 Middlewares/ST/STM32_USB_Device_Library/Core/Src/usbd_core.o
                0x0000000008005f52                USBD_RunTestMode
 .text.USBD_SetClassConfig
                0x0000000008005f66       0x3e Middlewares/ST/STM32_USB_Device_Library/Core/Src/usbd_core.o
                0x0000000008005f66                USBD_SetClassConfig
 .text.USBD_ClrClassConfig
                0x0000000008005fa4       0x26 Middlewares/ST/STM32_USB_Device_Library/Core/Src/usbd_core.o
                0x0000000008005fa4                USBD_ClrClassConfig
 .text.USBD_LL_SetupStage
                0x0000000008005fca       0x9a Middlewares/ST/STM32_USB_Device_Library/Core/Src/usbd_core.o
                0x0000000008005fca                USBD_LL_SetupStage
 .text.USBD_LL_DataOutStage
                0x0000000008006064       0xe2 Middlewares/ST/STM32_USB_Device_Library/Core/Src/usbd_core.o
                0x0000000008006064                USBD_LL_DataOutStage
 .text.USBD_LL_DataInStage
                0x0000000008006146      0x14a Middlewares/ST/STM32_USB_Device_Library/Core/Src/usbd_core.o
                0x0000000008006146                USBD_LL_DataInStage
 .text.USBD_LL_Reset
                0x0000000008006290       0x82 Middlewares/ST/STM32_USB_Device_Library/Core/Src/usbd_core.o
                0x0000000008006290                USBD_LL_Reset
 .text.USBD_LL_SetSpeed
                0x0000000008006312       0x1e Middlewares/ST/STM32_USB_Device_Library/Core/Src/usbd_core.o
                0x0000000008006312                USBD_LL_SetSpeed
 .text.USBD_LL_Suspend
                0x0000000008006330       0x28 Middlewares/ST/STM32_USB_Device_Library/Core/Src/usbd_core.o
                0x0000000008006330                USBD_LL_Suspend
 .text.USBD_LL_Resume
                0x0000000008006358       0x2a Middlewares/ST/STM32_USB_Device_Library/Core/Src/usbd_core.o
                0x0000000008006358                USBD_LL_Resume
 .text.USBD_LL_SOF
                0x0000000008006382       0x34 Middlewares/ST/STM32_USB_Device_Library/Core/Src/usbd_core.o
                0x0000000008006382                USBD_LL_SOF
 *fill*         0x00000000080063b6        0x2 
 .text.USBD_StdDevReq
                0x00000000080063b8       0xd4 Middlewares/ST/STM32_USB_Device_Library/Core/Src/usbd_ctlreq.o
                0x00000000080063b8                USBD_StdDevReq
 .text.USBD_StdItfReq
                0x000000000800648c       0x90 Middlewares/ST/STM32_USB_Device_Library/Core/Src/usbd_ctlreq.o
                0x000000000800648c                USBD_StdItfReq
 .text.USBD_StdEPReq
                0x000000000800651c      0x2c6 Middlewares/ST/STM32_USB_Device_Library/Core/Src/usbd_ctlreq.o
                0x000000000800651c                USBD_StdEPReq
 *fill*         0x00000000080067e2        0x2 
 .text.USBD_GetDescriptor
                0x00000000080067e4      0x2d0 Middlewares/ST/STM32_USB_Device_Library/Core/Src/usbd_ctlreq.o
 .text.USBD_SetAddress
                0x0000000008006ab4       0x86 Middlewares/ST/STM32_USB_Device_Library/Core/Src/usbd_ctlreq.o
 *fill*         0x0000000008006b3a        0x2 
 .text.USBD_SetConfig
                0x0000000008006b3c      0x11c Middlewares/ST/STM32_USB_Device_Library/Core/Src/usbd_ctlreq.o
 .text.USBD_GetConfig
                0x0000000008006c58       0x6a Middlewares/ST/STM32_USB_Device_Library/Core/Src/usbd_ctlreq.o
 .text.USBD_GetStatus
                0x0000000008006cc2       0x66 Middlewares/ST/STM32_USB_Device_Library/Core/Src/usbd_ctlreq.o
 .text.USBD_SetFeature
                0x0000000008006d28       0x28 Middlewares/ST/STM32_USB_Device_Library/Core/Src/usbd_ctlreq.o
 .text.USBD_ClrFeature
                0x0000000008006d50       0x42 Middlewares/ST/STM32_USB_Device_Library/Core/Src/usbd_ctlreq.o
 .text.USBD_ParseSetupRequest
                0x0000000008006d92       0x78 Middlewares/ST/STM32_USB_Device_Library/Core/Src/usbd_ctlreq.o
                0x0000000008006d92                USBD_ParseSetupRequest
 .text.USBD_CtlError
                0x0000000008006e0a       0x22 Middlewares/ST/STM32_USB_Device_Library/Core/Src/usbd_ctlreq.o
                0x0000000008006e0a                USBD_CtlError
 .text.USBD_GetString
                0x0000000008006e2c       0x84 Middlewares/ST/STM32_USB_Device_Library/Core/Src/usbd_ctlreq.o
                0x0000000008006e2c                USBD_GetString
 .text.USBD_GetLen
                0x0000000008006eb0       0x2e Middlewares/ST/STM32_USB_Device_Library/Core/Src/usbd_ctlreq.o
 .text.USBD_CtlSendData
                0x0000000008006ede       0x38 Middlewares/ST/STM32_USB_Device_Library/Core/Src/usbd_ioreq.o
                0x0000000008006ede                USBD_CtlSendData
 .text.USBD_CtlContinueSendData
                0x0000000008006f16       0x24 Middlewares/ST/STM32_USB_Device_Library/Core/Src/usbd_ioreq.o
                0x0000000008006f16                USBD_CtlContinueSendData
 .text.USBD_CtlPrepareRx
                0x0000000008006f3a       0x3c Middlewares/ST/STM32_USB_Device_Library/Core/Src/usbd_ioreq.o
                0x0000000008006f3a                USBD_CtlPrepareRx
 .text.USBD_CtlContinueRx
                0x0000000008006f76       0x24 Middlewares/ST/STM32_USB_Device_Library/Core/Src/usbd_ioreq.o
                0x0000000008006f76                USBD_CtlContinueRx
 .text.USBD_CtlSendStatus
                0x0000000008006f9a       0x26 Middlewares/ST/STM32_USB_Device_Library/Core/Src/usbd_ioreq.o
                0x0000000008006f9a                USBD_CtlSendStatus
 .text.USBD_CtlReceiveStatus
                0x0000000008006fc0       0x26 Middlewares/ST/STM32_USB_Device_Library/Core/Src/usbd_ioreq.o
                0x0000000008006fc0                USBD_CtlReceiveStatus
 *fill*         0x0000000008006fe6        0x2 
 .text.MX_USB_DEVICE_Init
                0x0000000008006fe8       0x60 USB_DEVICE/App/usb_device.o
                0x0000000008006fe8                MX_USB_DEVICE_Init
 .text.CDC_Init_FS
                0x0000000008007048       0x28 USB_DEVICE/App/usbd_cdc_if.o
 .text.CDC_DeInit_FS
                0x0000000008007070        0xe USB_DEVICE/App/usbd_cdc_if.o
 *fill*         0x000000000800707e        0x2 
 .text.CDC_Control_FS
                0x0000000008007080       0xbc USB_DEVICE/App/usbd_cdc_if.o
 .text.CDC_Receive_FS
                0x000000000800713c       0x28 USB_DEVICE/App/usbd_cdc_if.o
 .text.CDC_Transmit_FS
                0x0000000008007164       0x4c USB_DEVICE/App/usbd_cdc_if.o
                0x0000000008007164                CDC_Transmit_FS
 .text.USBD_FS_DeviceDescriptor
                0x00000000080071b0       0x24 USB_DEVICE/App/usbd_desc.o
                0x00000000080071b0                USBD_FS_DeviceDescriptor
 .text.USBD_FS_LangIDStrDescriptor
                0x00000000080071d4       0x24 USB_DEVICE/App/usbd_desc.o
                0x00000000080071d4                USBD_FS_LangIDStrDescriptor
 .text.USBD_FS_ProductStrDescriptor
                0x00000000080071f8       0x3c USB_DEVICE/App/usbd_desc.o
                0x00000000080071f8                USBD_FS_ProductStrDescriptor
 .text.USBD_FS_ManufacturerStrDescriptor
                0x0000000008007234       0x28 USB_DEVICE/App/usbd_desc.o
                0x0000000008007234                USBD_FS_ManufacturerStrDescriptor
 .text.USBD_FS_SerialStrDescriptor
                0x000000000800725c       0x24 USB_DEVICE/App/usbd_desc.o
                0x000000000800725c                USBD_FS_SerialStrDescriptor
 .text.USBD_FS_ConfigStrDescriptor
                0x0000000008007280       0x3c USB_DEVICE/App/usbd_desc.o
                0x0000000008007280                USBD_FS_ConfigStrDescriptor
 .text.USBD_FS_InterfaceStrDescriptor
                0x00000000080072bc       0x3c USB_DEVICE/App/usbd_desc.o
                0x00000000080072bc                USBD_FS_InterfaceStrDescriptor
 .text.Get_SerialNum
                0x00000000080072f8       0x58 USB_DEVICE/App/usbd_desc.o
 .text.IntToUnicode
                0x0000000008007350       0x7c USB_DEVICE/App/usbd_desc.o
 .text.HAL_PCD_MspInit
                0x00000000080073cc       0x4c USB_DEVICE/Target/usbd_conf.o
                0x00000000080073cc                HAL_PCD_MspInit
 .text.HAL_PCD_SetupStageCallback
                0x0000000008007418       0x24 USB_DEVICE/Target/usbd_conf.o
                0x0000000008007418                HAL_PCD_SetupStageCallback
 .text.HAL_PCD_DataOutStageCallback
                0x000000000800743c       0x36 USB_DEVICE/Target/usbd_conf.o
                0x000000000800743c                HAL_PCD_DataOutStageCallback
 .text.HAL_PCD_DataInStageCallback
                0x0000000008007472       0x34 USB_DEVICE/Target/usbd_conf.o
                0x0000000008007472                HAL_PCD_DataInStageCallback
 .text.HAL_PCD_SOFCallback
                0x00000000080074a6       0x1c USB_DEVICE/Target/usbd_conf.o
                0x00000000080074a6                HAL_PCD_SOFCallback
 .text.HAL_PCD_ResetCallback
                0x00000000080074c2       0x3c USB_DEVICE/Target/usbd_conf.o
                0x00000000080074c2                HAL_PCD_ResetCallback
 *fill*         0x00000000080074fe        0x2 
 .text.HAL_PCD_SuspendCallback
                0x0000000008007500       0x34 USB_DEVICE/Target/usbd_conf.o
                0x0000000008007500                HAL_PCD_SuspendCallback
 .text.HAL_PCD_ResumeCallback
                0x0000000008007534       0x1c USB_DEVICE/Target/usbd_conf.o
                0x0000000008007534                HAL_PCD_ResumeCallback
 .text.USBD_LL_Init
                0x0000000008007550       0xb4 USB_DEVICE/Target/usbd_conf.o
                0x0000000008007550                USBD_LL_Init
 .text.USBD_LL_Start
                0x0000000008007604       0x36 USB_DEVICE/Target/usbd_conf.o
                0x0000000008007604                USBD_LL_Start
 .text.USBD_LL_OpenEP
                0x000000000800763a       0x4c USB_DEVICE/Target/usbd_conf.o
                0x000000000800763a                USBD_LL_OpenEP
 .text.USBD_LL_CloseEP
                0x0000000008007686       0x3e USB_DEVICE/Target/usbd_conf.o
                0x0000000008007686                USBD_LL_CloseEP
 .text.USBD_LL_StallEP
                0x00000000080076c4       0x3e USB_DEVICE/Target/usbd_conf.o
                0x00000000080076c4                USBD_LL_StallEP
 .text.USBD_LL_ClearStallEP
                0x0000000008007702       0x3e USB_DEVICE/Target/usbd_conf.o
                0x0000000008007702                USBD_LL_ClearStallEP
 .text.USBD_LL_IsStallEP
                0x0000000008007740       0x58 USB_DEVICE/Target/usbd_conf.o
                0x0000000008007740                USBD_LL_IsStallEP
 .text.USBD_LL_SetUSBAddress
                0x0000000008007798       0x3e USB_DEVICE/Target/usbd_conf.o
                0x0000000008007798                USBD_LL_SetUSBAddress
 .text.USBD_LL_Transmit
                0x00000000080077d6       0x46 USB_DEVICE/Target/usbd_conf.o
                0x00000000080077d6                USBD_LL_Transmit
 .text.USBD_LL_PrepareReceive
                0x000000000800781c       0x46 USB_DEVICE/Target/usbd_conf.o
                0x000000000800781c                USBD_LL_PrepareReceive
 .text.USBD_LL_GetRxDataSize
                0x0000000008007862       0x26 USB_DEVICE/Target/usbd_conf.o
                0x0000000008007862                USBD_LL_GetRxDataSize
 .text.USBD_static_malloc
                0x0000000008007888       0x18 USB_DEVICE/Target/usbd_conf.o
                0x0000000008007888                USBD_static_malloc
 .text.USBD_static_free
                0x00000000080078a0       0x12 USB_DEVICE/Target/usbd_conf.o
                0x00000000080078a0                USBD_static_free
 .text.HAL_PCDEx_SetConnectionState
                0x00000000080078b2       0x16 USB_DEVICE/Target/usbd_conf.o
                0x00000000080078b2                HAL_PCDEx_SetConnectionState
 .text.USBD_Get_USB_Status
                0x00000000080078c8       0x58 USB_DEVICE/Target/usbd_conf.o
 .text.__libc_init_array
                0x0000000008007920       0x48 /home/furkan/st/stm32cubeide_1.6.1_2/plugins/com.st.stm32cube.ide.mcu.externaltools.gnu-tools-for-stm32.9-2020-q2-update.linux64_1.5.0.202011040924/tools/bin/../lib/gcc/arm-none-eabi/9.3.1/../../../../arm-none-eabi/lib/thumb/v7-m/nofp/libc_nano.a(lib_a-init.o)
                0x0000000008007920                __libc_init_array
 .text.memset   0x0000000008007968       0x10 /home/furkan/st/stm32cubeide_1.6.1_2/plugins/com.st.stm32cube.ide.mcu.externaltools.gnu-tools-for-stm32.9-2020-q2-update.linux64_1.5.0.202011040924/tools/bin/../lib/gcc/arm-none-eabi/9.3.1/../../../../arm-none-eabi/lib/thumb/v7-m/nofp/libc_nano.a(lib_a-memset.o)
                0x0000000008007968                memset
 *(.glue_7)
 .glue_7        0x0000000008007978        0x0 linker stubs
 *(.glue_7t)
 .glue_7t       0x0000000008007978        0x0 linker stubs
 *(.eh_frame)
 .eh_frame      0x0000000008007978        0x0 /home/furkan/st/stm32cubeide_1.6.1_2/plugins/com.st.stm32cube.ide.mcu.externaltools.gnu-tools-for-stm32.9-2020-q2-update.linux64_1.5.0.202011040924/tools/bin/../lib/gcc/arm-none-eabi/9.3.1/thumb/v7-m/nofp/crtbegin.o
 *(.init)
 .init          0x0000000008007978        0x4 /home/furkan/st/stm32cubeide_1.6.1_2/plugins/com.st.stm32cube.ide.mcu.externaltools.gnu-tools-for-stm32.9-2020-q2-update.linux64_1.5.0.202011040924/tools/bin/../lib/gcc/arm-none-eabi/9.3.1/thumb/v7-m/nofp/crti.o
                0x0000000008007978                _init
 .init          0x000000000800797c        0x8 /home/furkan/st/stm32cubeide_1.6.1_2/plugins/com.st.stm32cube.ide.mcu.externaltools.gnu-tools-for-stm32.9-2020-q2-update.linux64_1.5.0.202011040924/tools/bin/../lib/gcc/arm-none-eabi/9.3.1/thumb/v7-m/nofp/crtn.o
 *(.fini)
 .fini          0x0000000008007984        0x4 /home/furkan/st/stm32cubeide_1.6.1_2/plugins/com.st.stm32cube.ide.mcu.externaltools.gnu-tools-for-stm32.9-2020-q2-update.linux64_1.5.0.202011040924/tools/bin/../lib/gcc/arm-none-eabi/9.3.1/thumb/v7-m/nofp/crti.o
                0x0000000008007984                _fini
 .fini          0x0000000008007988        0x8 /home/furkan/st/stm32cubeide_1.6.1_2/plugins/com.st.stm32cube.ide.mcu.externaltools.gnu-tools-for-stm32.9-2020-q2-update.linux64_1.5.0.202011040924/tools/bin/../lib/gcc/arm-none-eabi/9.3.1/thumb/v7-m/nofp/crtn.o
                0x0000000008007990                . = ALIGN (0x4)
                0x0000000008007990                _etext = .

.vfp11_veneer   0x0000000008007990        0x0
 .vfp11_veneer  0x0000000008007990        0x0 linker stubs

.v4_bx          0x0000000008007990        0x0
 .v4_bx         0x0000000008007990        0x0 linker stubs

.iplt           0x0000000008007990        0x0
 .iplt          0x0000000008007990        0x0 /home/furkan/st/stm32cubeide_1.6.1_2/plugins/com.st.stm32cube.ide.mcu.externaltools.gnu-tools-for-stm32.9-2020-q2-update.linux64_1.5.0.202011040924/tools/bin/../lib/gcc/arm-none-eabi/9.3.1/thumb/v7-m/nofp/crtbegin.o

.rodata         0x0000000008007990       0x68
                0x0000000008007990                . = ALIGN (0x4)
 *(.rodata)
 .rodata        0x0000000008007990       0x10 Drivers/STM32F1xx_HAL_Driver/Src/stm32f1xx_hal_rcc.o
 .rodata        0x00000000080079a0       0x46 USB_DEVICE/App/usbd_desc.o
 *(.rodata*)
 *fill*         0x00000000080079e6        0x2 
 .rodata.AHBPrescTable
                0x00000000080079e8       0x10 Core/Src/system_stm32f1xx.o
                0x00000000080079e8                AHBPrescTable
                0x00000000080079f8                . = ALIGN (0x4)

.rel.dyn        0x00000000080079f8        0x0
 .rel.iplt      0x00000000080079f8        0x0 /home/furkan/st/stm32cubeide_1.6.1_2/plugins/com.st.stm32cube.ide.mcu.externaltools.gnu-tools-for-stm32.9-2020-q2-update.linux64_1.5.0.202011040924/tools/bin/../lib/gcc/arm-none-eabi/9.3.1/thumb/v7-m/nofp/crtbegin.o

.ARM.extab      0x00000000080079f8        0x0
                0x00000000080079f8                . = ALIGN (0x4)
 *(.ARM.extab* .gnu.linkonce.armextab.*)
                0x00000000080079f8                . = ALIGN (0x4)

.ARM            0x00000000080079f8        0x0
                0x00000000080079f8                . = ALIGN (0x4)
                0x00000000080079f8                __exidx_start = .
 *(.ARM.exidx*)
                0x00000000080079f8                __exidx_end = .
                0x00000000080079f8                . = ALIGN (0x4)

.preinit_array  0x00000000080079f8        0x0
                0x00000000080079f8                . = ALIGN (0x4)
                0x00000000080079f8                PROVIDE (__preinit_array_start = .)
 *(.preinit_array*)
                0x00000000080079f8                PROVIDE (__preinit_array_end = .)
                0x00000000080079f8                . = ALIGN (0x4)

.init_array     0x00000000080079f8        0x4
                0x00000000080079f8                . = ALIGN (0x4)
                0x00000000080079f8                PROVIDE (__init_array_start = .)
 *(SORT_BY_NAME(.init_array.*))
 *(.init_array*)
 .init_array    0x00000000080079f8        0x4 /home/furkan/st/stm32cubeide_1.6.1_2/plugins/com.st.stm32cube.ide.mcu.externaltools.gnu-tools-for-stm32.9-2020-q2-update.linux64_1.5.0.202011040924/tools/bin/../lib/gcc/arm-none-eabi/9.3.1/thumb/v7-m/nofp/crtbegin.o
                0x00000000080079fc                PROVIDE (__init_array_end = .)
                0x00000000080079fc                . = ALIGN (0x4)

.fini_array     0x00000000080079fc        0x4
                0x00000000080079fc                . = ALIGN (0x4)
                [!provide]                        PROVIDE (__fini_array_start = .)
 *(SORT_BY_NAME(.fini_array.*))
 *(.fini_array*)
 .fini_array    0x00000000080079fc        0x4 /home/furkan/st/stm32cubeide_1.6.1_2/plugins/com.st.stm32cube.ide.mcu.externaltools.gnu-tools-for-stm32.9-2020-q2-update.linux64_1.5.0.202011040924/tools/bin/../lib/gcc/arm-none-eabi/9.3.1/thumb/v7-m/nofp/crtbegin.o
                [!provide]                        PROVIDE (__fini_array_end = .)
                0x0000000008007a00                . = ALIGN (0x4)
                0x0000000008007a00                _sidata = LOADADDR (.data)

.data           0x0000000020000000      0x17c load address 0x0000000008007a00
                0x0000000020000000                . = ALIGN (0x4)
                0x0000000020000000                _sdata = .
 *(.data)
 *(.data*)
 .data.SystemCoreClock
                0x0000000020000000        0x4 Core/Src/system_stm32f1xx.o
                0x0000000020000000                SystemCoreClock
 .data.uwTickPrio
                0x0000000020000004        0x4 Drivers/STM32F1xx_HAL_Driver/Src/stm32f1xx_hal.o
                0x0000000020000004                uwTickPrio
 .data.uwTickFreq
                0x0000000020000008        0x1 Drivers/STM32F1xx_HAL_Driver/Src/stm32f1xx_hal.o
                0x0000000020000008                uwTickFreq
 *fill*         0x0000000020000009        0x3 
 .data.USBD_CDC_DeviceQualifierDesc
                0x000000002000000c        0xa Middlewares/ST/STM32_USB_Device_Library/Class/CDC/Src/usbd_cdc.o
 *fill*         0x0000000020000016        0x2 
 .data.USBD_CDC
                0x0000000020000018       0x38 Middlewares/ST/STM32_USB_Device_Library/Class/CDC/Src/usbd_cdc.o
                0x0000000020000018                USBD_CDC
 .data.USBD_CDC_CfgHSDesc
                0x0000000020000050       0x43 Middlewares/ST/STM32_USB_Device_Library/Class/CDC/Src/usbd_cdc.o
                0x0000000020000050                USBD_CDC_CfgHSDesc
 *fill*         0x0000000020000093        0x1 
 .data.USBD_CDC_CfgFSDesc
                0x0000000020000094       0x43 Middlewares/ST/STM32_USB_Device_Library/Class/CDC/Src/usbd_cdc.o
                0x0000000020000094                USBD_CDC_CfgFSDesc
 *fill*         0x00000000200000d7        0x1 
 .data.USBD_CDC_OtherSpeedCfgDesc
                0x00000000200000d8       0x43 Middlewares/ST/STM32_USB_Device_Library/Class/CDC/Src/usbd_cdc.o
                0x00000000200000d8                USBD_CDC_OtherSpeedCfgDesc
 *fill*         0x000000002000011b        0x1 
 .data.USBD_Interface_fops_FS
                0x000000002000011c       0x10 USB_DEVICE/App/usbd_cdc_if.o
                0x000000002000011c                USBD_Interface_fops_FS
 .data.FS_Desc  0x000000002000012c       0x1c USB_DEVICE/App/usbd_desc.o
                0x000000002000012c                FS_Desc
 .data.USBD_FS_DeviceDesc
                0x0000000020000148       0x12 USB_DEVICE/App/usbd_desc.o
                0x0000000020000148                USBD_FS_DeviceDesc
 *fill*         0x000000002000015a        0x2 
 .data.USBD_LangIDDesc
                0x000000002000015c        0x4 USB_DEVICE/App/usbd_desc.o
                0x000000002000015c                USBD_LangIDDesc
 .data.USBD_StringSerial
                0x0000000020000160       0x1a USB_DEVICE/App/usbd_desc.o
                0x0000000020000160                USBD_StringSerial
 *(.RamFunc)
 *(.RamFunc*)
                0x000000002000017c                . = ALIGN (0x4)
 *fill*         0x000000002000017a        0x2 
                0x000000002000017c                _edata = .

.igot.plt       0x000000002000017c        0x0 load address 0x0000000008007b7c
 .igot.plt      0x000000002000017c        0x0 /home/furkan/st/stm32cubeide_1.6.1_2/plugins/com.st.stm32cube.ide.mcu.externaltools.gnu-tools-for-stm32.9-2020-q2-update.linux64_1.5.0.202011040924/tools/bin/../lib/gcc/arm-none-eabi/9.3.1/thumb/v7-m/nofp/crtbegin.o
                0x000000002000017c                . = ALIGN (0x4)

.bss            0x000000002000017c     0x1250 load address 0x0000000008007b7c
                0x000000002000017c                _sbss = .
                0x000000002000017c                __bss_start__ = _sbss
 *(.bss)
 .bss           0x000000002000017c       0x1c /home/furkan/st/stm32cubeide_1.6.1_2/plugins/com.st.stm32cube.ide.mcu.externaltools.gnu-tools-for-stm32.9-2020-q2-update.linux64_1.5.0.202011040924/tools/bin/../lib/gcc/arm-none-eabi/9.3.1/thumb/v7-m/nofp/crtbegin.o
 *(.bss*)
 .bss.cfgidx.7840
                0x0000000020000198        0x1 Middlewares/ST/STM32_USB_Device_Library/Core/Src/usbd_ctlreq.o
 *fill*         0x0000000020000199        0x3 
 .bss.mem.7910  0x000000002000019c      0x220 USB_DEVICE/Target/usbd_conf.o
 *(COMMON)
 COMMON         0x00000000200003bc       0x8c Core/Src/main.o
                0x00000000200003bc                hadc1
                0x00000000200003ec                hdma_adc1
                0x0000000020000430                data
                0x000000002000043c                adc_buffer
 COMMON         0x0000000020000448        0x4 Drivers/STM32F1xx_HAL_Driver/Src/stm32f1xx_hal.o
                0x0000000020000448                uwTick
 COMMON         0x000000002000044c      0x2c4 USB_DEVICE/App/usb_device.o
                0x000000002000044c                hUsbDeviceFS
 COMMON         0x0000000020000710      0x7d0 USB_DEVICE/App/usbd_cdc_if.o
                0x0000000020000710                UserRxBufferFS
                0x0000000020000af8                UserTxBufferFS
 COMMON         0x0000000020000ee0      0x200 USB_DEVICE/App/usbd_desc.o
                0x0000000020000ee0                USBD_StrDesc
 COMMON         0x00000000200010e0      0x2ec USB_DEVICE/Target/usbd_conf.o
                0x00000000200010e0                hpcd_USB_FS
                0x00000000200013cc                . = ALIGN (0x4)
                0x00000000200013cc                _ebss = .
                0x00000000200013cc                __bss_end__ = _ebss

._user_heap_stack
                0x00000000200013cc      0x604 load address 0x0000000008007b7c
                0x00000000200013d0                . = ALIGN (0x8)
 *fill*         0x00000000200013cc        0x4 
                [!provide]                        PROVIDE (end = .)
                0x00000000200013d0                PROVIDE (_end = .)
                0x00000000200015d0                . = (. + _Min_Heap_Size)
 *fill*         0x00000000200013d0      0x200 
                0x00000000200019d0                . = (. + _Min_Stack_Size)
 *fill*         0x00000000200015d0      0x400 
                0x00000000200019d0                . = ALIGN (0x8)

/DISCARD/
 libc.a(*)
 libm.a(*)
 libgcc.a(*)

.ARM.attributes
                0x0000000000000000       0x29
 *(.ARM.attributes)
 .ARM.attributes
                0x0000000000000000       0x1d /home/furkan/st/stm32cubeide_1.6.1_2/plugins/com.st.stm32cube.ide.mcu.externaltools.gnu-tools-for-stm32.9-2020-q2-update.linux64_1.5.0.202011040924/tools/bin/../lib/gcc/arm-none-eabi/9.3.1/thumb/v7-m/nofp/crti.o
 .ARM.attributes
                0x000000000000001d       0x2d /home/furkan/st/stm32cubeide_1.6.1_2/plugins/com.st.stm32cube.ide.mcu.externaltools.gnu-tools-for-stm32.9-2020-q2-update.linux64_1.5.0.202011040924/tools/bin/../lib/gcc/arm-none-eabi/9.3.1/thumb/v7-m/nofp/crtbegin.o
 .ARM.attributes
                0x000000000000004a       0x2d Core/Src/main.o
 .ARM.attributes
                0x0000000000000077       0x2d Core/Src/stm32f1xx_hal_msp.o
 .ARM.attributes
                0x00000000000000a4       0x2d Core/Src/stm32f1xx_it.o
 .ARM.attributes
                0x00000000000000d1       0x2d Core/Src/system_stm32f1xx.o
 .ARM.attributes
                0x00000000000000fe       0x21 Core/Startup/startup_stm32f103c8tx.o
 .ARM.attributes
                0x000000000000011f       0x2d Drivers/STM32F1xx_HAL_Driver/Src/stm32f1xx_hal.o
 .ARM.attributes
                0x000000000000014c       0x2d Drivers/STM32F1xx_HAL_Driver/Src/stm32f1xx_hal_adc.o
 .ARM.attributes
                0x0000000000000179       0x2d Drivers/STM32F1xx_HAL_Driver/Src/stm32f1xx_hal_cortex.o
 .ARM.attributes
                0x00000000000001a6       0x2d Drivers/STM32F1xx_HAL_Driver/Src/stm32f1xx_hal_dma.o
 .ARM.attributes
                0x00000000000001d3       0x2d Drivers/STM32F1xx_HAL_Driver/Src/stm32f1xx_hal_gpio.o
 .ARM.attributes
                0x0000000000000200       0x2d Drivers/STM32F1xx_HAL_Driver/Src/stm32f1xx_hal_pcd.o
 .ARM.attributes
                0x000000000000022d       0x2d Drivers/STM32F1xx_HAL_Driver/Src/stm32f1xx_hal_pcd_ex.o
 .ARM.attributes
                0x000000000000025a       0x2d Drivers/STM32F1xx_HAL_Driver/Src/stm32f1xx_hal_rcc.o
 .ARM.attributes
                0x0000000000000287       0x2d Drivers/STM32F1xx_HAL_Driver/Src/stm32f1xx_hal_rcc_ex.o
 .ARM.attributes
                0x00000000000002b4       0x2d Drivers/STM32F1xx_HAL_Driver/Src/stm32f1xx_ll_usb.o
 .ARM.attributes
                0x00000000000002e1       0x2d Middlewares/ST/STM32_USB_Device_Library/Class/CDC/Src/usbd_cdc.o
 .ARM.attributes
                0x000000000000030e       0x2d Middlewares/ST/STM32_USB_Device_Library/Core/Src/usbd_core.o
 .ARM.attributes
                0x000000000000033b       0x2d Middlewares/ST/STM32_USB_Device_Library/Core/Src/usbd_ctlreq.o
 .ARM.attributes
                0x0000000000000368       0x2d Middlewares/ST/STM32_USB_Device_Library/Core/Src/usbd_ioreq.o
 .ARM.attributes
                0x0000000000000395       0x2d USB_DEVICE/App/usb_device.o
 .ARM.attributes
                0x00000000000003c2       0x2d USB_DEVICE/App/usbd_cdc_if.o
 .ARM.attributes
                0x00000000000003ef       0x2d USB_DEVICE/App/usbd_desc.o
 .ARM.attributes
                0x000000000000041c       0x2d USB_DEVICE/Target/usbd_conf.o
 .ARM.attributes
                0x0000000000000449       0x2d /home/furkan/st/stm32cubeide_1.6.1_2/plugins/com.st.stm32cube.ide.mcu.externaltools.gnu-tools-for-stm32.9-2020-q2-update.linux64_1.5.0.202011040924/tools/bin/../lib/gcc/arm-none-eabi/9.3.1/../../../../arm-none-eabi/lib/thumb/v7-m/nofp/libc_nano.a(lib_a-init.o)
 .ARM.attributes
                0x0000000000000476       0x2d /home/furkan/st/stm32cubeide_1.6.1_2/plugins/com.st.stm32cube.ide.mcu.externaltools.gnu-tools-for-stm32.9-2020-q2-update.linux64_1.5.0.202011040924/tools/bin/../lib/gcc/arm-none-eabi/9.3.1/../../../../arm-none-eabi/lib/thumb/v7-m/nofp/libc_nano.a(lib_a-memset.o)
 .ARM.attributes
                0x00000000000004a3       0x1d /home/furkan/st/stm32cubeide_1.6.1_2/plugins/com.st.stm32cube.ide.mcu.externaltools.gnu-tools-for-stm32.9-2020-q2-update.linux64_1.5.0.202011040924/tools/bin/../lib/gcc/arm-none-eabi/9.3.1/thumb/v7-m/nofp/crtn.o
OUTPUT(SimulationController.elf elf32-littlearm)
LOAD linker stubs
LOAD /home/furkan/st/stm32cubeide_1.6.1_2/plugins/com.st.stm32cube.ide.mcu.externaltools.gnu-tools-for-stm32.9-2020-q2-update.linux64_1.5.0.202011040924/tools/bin/../lib/gcc/arm-none-eabi/9.3.1/../../../../arm-none-eabi/lib/thumb/v7-m/nofp/libc.a
LOAD /home/furkan/st/stm32cubeide_1.6.1_2/plugins/com.st.stm32cube.ide.mcu.externaltools.gnu-tools-for-stm32.9-2020-q2-update.linux64_1.5.0.202011040924/tools/bin/../lib/gcc/arm-none-eabi/9.3.1/../../../../arm-none-eabi/lib/thumb/v7-m/nofp/libm.a
LOAD /home/furkan/st/stm32cubeide_1.6.1_2/plugins/com.st.stm32cube.ide.mcu.externaltools.gnu-tools-for-stm32.9-2020-q2-update.linux64_1.5.0.202011040924/tools/bin/../lib/gcc/arm-none-eabi/9.3.1/thumb/v7-m/nofp/libgcc.a

.debug_info     0x0000000000000000    0x13871
 .debug_info    0x0000000000000000     0x141d Core/Src/main.o
 .debug_info    0x000000000000141d      0x90d Core/Src/stm32f1xx_hal_msp.o
 .debug_info    0x0000000000001d2a      0x930 Core/Src/stm32f1xx_it.o
 .debug_info    0x000000000000265a      0x2be Core/Src/system_stm32f1xx.o
 .debug_info    0x0000000000002918       0x22 Core/Startup/startup_stm32f103c8tx.o
 .debug_info    0x000000000000293a      0x76a Drivers/STM32F1xx_HAL_Driver/Src/stm32f1xx_hal.o
 .debug_info    0x00000000000030a4      0xd2d Drivers/STM32F1xx_HAL_Driver/Src/stm32f1xx_hal_adc.o
 .debug_info    0x0000000000003dd1      0xbdc Drivers/STM32F1xx_HAL_Driver/Src/stm32f1xx_hal_cortex.o
 .debug_info    0x00000000000049ad      0x81e Drivers/STM32F1xx_HAL_Driver/Src/stm32f1xx_hal_dma.o
 .debug_info    0x00000000000051cb      0x701 Drivers/STM32F1xx_HAL_Driver/Src/stm32f1xx_hal_gpio.o
 .debug_info    0x00000000000058cc     0x1332 Drivers/STM32F1xx_HAL_Driver/Src/stm32f1xx_hal_pcd.o
 .debug_info    0x0000000000006bfe      0x7fa Drivers/STM32F1xx_HAL_Driver/Src/stm32f1xx_hal_pcd_ex.o
 .debug_info    0x00000000000073f8      0x88e Drivers/STM32F1xx_HAL_Driver/Src/stm32f1xx_hal_rcc.o
 .debug_info    0x0000000000007c86      0x480 Drivers/STM32F1xx_HAL_Driver/Src/stm32f1xx_hal_rcc_ex.o
 .debug_info    0x0000000000008106     0x1911 Drivers/STM32F1xx_HAL_Driver/Src/stm32f1xx_ll_usb.o
 .debug_info    0x0000000000009a17     0x1938 Middlewares/ST/STM32_USB_Device_Library/Class/CDC/Src/usbd_cdc.o
 .debug_info    0x000000000000b34f     0x12ef Middlewares/ST/STM32_USB_Device_Library/Core/Src/usbd_core.o
 .debug_info    0x000000000000c63e     0x125c Middlewares/ST/STM32_USB_Device_Library/Core/Src/usbd_ctlreq.o
 .debug_info    0x000000000000d89a     0x102e Middlewares/ST/STM32_USB_Device_Library/Core/Src/usbd_ioreq.o
 .debug_info    0x000000000000e8c8     0x104b USB_DEVICE/App/usb_device.o
 .debug_info    0x000000000000f913     0x1140 USB_DEVICE/App/usbd_cdc_if.o
 .debug_info    0x0000000000010a53      0xe98 USB_DEVICE/App/usbd_desc.o
 .debug_info    0x00000000000118eb     0x1f86 USB_DEVICE/Target/usbd_conf.o

.debug_abbrev   0x0000000000000000     0x31f4
 .debug_abbrev  0x0000000000000000      0x2ef Core/Src/main.o
 .debug_abbrev  0x00000000000002ef      0x1ac Core/Src/stm32f1xx_hal_msp.o
 .debug_abbrev  0x000000000000049b      0x194 Core/Src/stm32f1xx_it.o
 .debug_abbrev  0x000000000000062f      0x14e Core/Src/system_stm32f1xx.o
 .debug_abbrev  0x000000000000077d       0x12 Core/Startup/startup_stm32f103c8tx.o
 .debug_abbrev  0x000000000000078f      0x1ed Drivers/STM32F1xx_HAL_Driver/Src/stm32f1xx_hal.o
 .debug_abbrev  0x000000000000097c      0x1fb Drivers/STM32F1xx_HAL_Driver/Src/stm32f1xx_hal_adc.o
 .debug_abbrev  0x0000000000000b77      0x313 Drivers/STM32F1xx_HAL_Driver/Src/stm32f1xx_hal_cortex.o
 .debug_abbrev  0x0000000000000e8a      0x228 Drivers/STM32F1xx_HAL_Driver/Src/stm32f1xx_hal_dma.o
 .debug_abbrev  0x00000000000010b2      0x1e8 Drivers/STM32F1xx_HAL_Driver/Src/stm32f1xx_hal_gpio.o
 .debug_abbrev  0x000000000000129a      0x29e Drivers/STM32F1xx_HAL_Driver/Src/stm32f1xx_hal_pcd.o
 .debug_abbrev  0x0000000000001538      0x1ac Drivers/STM32F1xx_HAL_Driver/Src/stm32f1xx_hal_pcd_ex.o
 .debug_abbrev  0x00000000000016e4      0x273 Drivers/STM32F1xx_HAL_Driver/Src/stm32f1xx_hal_rcc.o
 .debug_abbrev  0x0000000000001957      0x193 Drivers/STM32F1xx_HAL_Driver/Src/stm32f1xx_hal_rcc_ex.o
 .debug_abbrev  0x0000000000001aea      0x1fa Drivers/STM32F1xx_HAL_Driver/Src/stm32f1xx_ll_usb.o
 .debug_abbrev  0x0000000000001ce4      0x2f6 Middlewares/ST/STM32_USB_Device_Library/Class/CDC/Src/usbd_cdc.o
 .debug_abbrev  0x0000000000001fda      0x2a8 Middlewares/ST/STM32_USB_Device_Library/Core/Src/usbd_core.o
 .debug_abbrev  0x0000000000002282      0x2de Middlewares/ST/STM32_USB_Device_Library/Core/Src/usbd_ctlreq.o
 .debug_abbrev  0x0000000000002560      0x20a Middlewares/ST/STM32_USB_Device_Library/Core/Src/usbd_ioreq.o
 .debug_abbrev  0x000000000000276a      0x1e4 USB_DEVICE/App/usb_device.o
 .debug_abbrev  0x000000000000294e      0x2bf USB_DEVICE/App/usbd_cdc_if.o
 .debug_abbrev  0x0000000000002c0d      0x2ca USB_DEVICE/App/usbd_desc.o
 .debug_abbrev  0x0000000000002ed7      0x31d USB_DEVICE/Target/usbd_conf.o

.debug_aranges  0x0000000000000000      0xc00
 .debug_aranges
                0x0000000000000000       0x50 Core/Src/main.o
 .debug_aranges
                0x0000000000000050       0x30 Core/Src/stm32f1xx_hal_msp.o
 .debug_aranges
                0x0000000000000080       0x70 Core/Src/stm32f1xx_it.o
 .debug_aranges
                0x00000000000000f0       0x28 Core/Src/system_stm32f1xx.o
 .debug_aranges
                0x0000000000000118       0x28 Core/Startup/startup_stm32f103c8tx.o
 .debug_aranges
                0x0000000000000140       0xe0 Drivers/STM32F1xx_HAL_Driver/Src/stm32f1xx_hal.o
 .debug_aranges
                0x0000000000000220       0xf0 Drivers/STM32F1xx_HAL_Driver/Src/stm32f1xx_hal_adc.o
 .debug_aranges
                0x0000000000000310      0x100 Drivers/STM32F1xx_HAL_Driver/Src/stm32f1xx_hal_cortex.o
 .debug_aranges
                0x0000000000000410       0x80 Drivers/STM32F1xx_HAL_Driver/Src/stm32f1xx_hal_dma.o
 .debug_aranges
                0x0000000000000490       0x58 Drivers/STM32F1xx_HAL_Driver/Src/stm32f1xx_hal_gpio.o
 .debug_aranges
                0x00000000000004e8      0x138 Drivers/STM32F1xx_HAL_Driver/Src/stm32f1xx_hal_pcd.o
 .debug_aranges
                0x0000000000000620       0x38 Drivers/STM32F1xx_HAL_Driver/Src/stm32f1xx_hal_pcd_ex.o
 .debug_aranges
                0x0000000000000658       0x90 Drivers/STM32F1xx_HAL_Driver/Src/stm32f1xx_hal_rcc.o
 .debug_aranges
                0x00000000000006e8       0x30 Drivers/STM32F1xx_HAL_Driver/Src/stm32f1xx_hal_rcc_ex.o
 .debug_aranges
                0x0000000000000718       0xf0 Drivers/STM32F1xx_HAL_Driver/Src/stm32f1xx_ll_usb.o
 .debug_aranges
                0x0000000000000808       0x90 Middlewares/ST/STM32_USB_Device_Library/Class/CDC/Src/usbd_cdc.o
 .debug_aranges
                0x0000000000000898       0xb8 Middlewares/ST/STM32_USB_Device_Library/Core/Src/usbd_core.o
 .debug_aranges
                0x0000000000000950       0x88 Middlewares/ST/STM32_USB_Device_Library/Core/Src/usbd_ctlreq.o
 .debug_aranges
                0x00000000000009d8       0x50 Middlewares/ST/STM32_USB_Device_Library/Core/Src/usbd_ioreq.o
 .debug_aranges
                0x0000000000000a28       0x20 USB_DEVICE/App/usb_device.o
 .debug_aranges
                0x0000000000000a48       0x40 USB_DEVICE/App/usbd_cdc_if.o
 .debug_aranges
                0x0000000000000a88       0x60 USB_DEVICE/App/usbd_desc.o
 .debug_aranges
                0x0000000000000ae8      0x118 USB_DEVICE/Target/usbd_conf.o

.debug_ranges   0x0000000000000000      0xa98
 .debug_ranges  0x0000000000000000       0x40 Core/Src/main.o
 .debug_ranges  0x0000000000000040       0x20 Core/Src/stm32f1xx_hal_msp.o
 .debug_ranges  0x0000000000000060       0x60 Core/Src/stm32f1xx_it.o
 .debug_ranges  0x00000000000000c0       0x18 Core/Src/system_stm32f1xx.o
 .debug_ranges  0x00000000000000d8       0x20 Core/Startup/startup_stm32f103c8tx.o
 .debug_ranges  0x00000000000000f8       0xd0 Drivers/STM32F1xx_HAL_Driver/Src/stm32f1xx_hal.o
 .debug_ranges  0x00000000000001c8       0xe0 Drivers/STM32F1xx_HAL_Driver/Src/stm32f1xx_hal_adc.o
 .debug_ranges  0x00000000000002a8       0xf0 Drivers/STM32F1xx_HAL_Driver/Src/stm32f1xx_hal_cortex.o
 .debug_ranges  0x0000000000000398       0x70 Drivers/STM32F1xx_HAL_Driver/Src/stm32f1xx_hal_dma.o
 .debug_ranges  0x0000000000000408       0x48 Drivers/STM32F1xx_HAL_Driver/Src/stm32f1xx_hal_gpio.o
 .debug_ranges  0x0000000000000450      0x128 Drivers/STM32F1xx_HAL_Driver/Src/stm32f1xx_hal_pcd.o
 .debug_ranges  0x0000000000000578       0x28 Drivers/STM32F1xx_HAL_Driver/Src/stm32f1xx_hal_pcd_ex.o
 .debug_ranges  0x00000000000005a0       0x80 Drivers/STM32F1xx_HAL_Driver/Src/stm32f1xx_hal_rcc.o
 .debug_ranges  0x0000000000000620       0x20 Drivers/STM32F1xx_HAL_Driver/Src/stm32f1xx_hal_rcc_ex.o
 .debug_ranges  0x0000000000000640       0xe0 Drivers/STM32F1xx_HAL_Driver/Src/stm32f1xx_ll_usb.o
 .debug_ranges  0x0000000000000720       0x80 Middlewares/ST/STM32_USB_Device_Library/Class/CDC/Src/usbd_cdc.o
 .debug_ranges  0x00000000000007a0       0xa8 Middlewares/ST/STM32_USB_Device_Library/Core/Src/usbd_core.o
 .debug_ranges  0x0000000000000848       0x78 Middlewares/ST/STM32_USB_Device_Library/Core/Src/usbd_ctlreq.o
 .debug_ranges  0x00000000000008c0       0x40 Middlewares/ST/STM32_USB_Device_Library/Core/Src/usbd_ioreq.o
 .debug_ranges  0x0000000000000900       0x10 USB_DEVICE/App/usb_device.o
 .debug_ranges  0x0000000000000910       0x30 USB_DEVICE/App/usbd_cdc_if.o
 .debug_ranges  0x0000000000000940       0x50 USB_DEVICE/App/usbd_desc.o
 .debug_ranges  0x0000000000000990      0x108 USB_DEVICE/Target/usbd_conf.o

.debug_macro    0x0000000000000000    0x1a257
 .debug_macro   0x0000000000000000      0x3b1 Core/Src/main.o
 .debug_macro   0x00000000000003b1      0xa9c Core/Src/main.o
 .debug_macro   0x0000000000000e4d      0x221 Core/Src/main.o
 .debug_macro   0x000000000000106e       0x2e Core/Src/main.o
 .debug_macro   0x000000000000109c       0x22 Core/Src/main.o
 .debug_macro   0x00000000000010be       0x22 Core/Src/main.o
 .debug_macro   0x00000000000010e0       0x8e Core/Src/main.o
 .debug_macro   0x000000000000116e       0x51 Core/Src/main.o
 .debug_macro   0x00000000000011bf      0x103 Core/Src/main.o
 .debug_macro   0x00000000000012c2       0x6a Core/Src/main.o
 .debug_macro   0x000000000000132c      0x1df Core/Src/main.o
 .debug_macro   0x000000000000150b       0x1c Core/Src/main.o
 .debug_macro   0x0000000000001527       0x22 Core/Src/main.o
 .debug_macro   0x0000000000001549       0xc3 Core/Src/main.o
 .debug_macro   0x000000000000160c      0xd23 Core/Src/main.o
 .debug_macro   0x000000000000232f     0xe097 Core/Src/main.o
 .debug_macro   0x00000000000103c6       0x43 Core/Src/main.o
 .debug_macro   0x0000000000010409     0x3468 Core/Src/main.o
 .debug_macro   0x0000000000013871      0x174 Core/Src/main.o
 .debug_macro   0x00000000000139e5       0x5c Core/Src/main.o
 .debug_macro   0x0000000000013a41      0x5be Core/Src/main.o
 .debug_macro   0x0000000000013fff      0x289 Core/Src/main.o
 .debug_macro   0x0000000000014288      0x1cb Core/Src/main.o
 .debug_macro   0x0000000000014453      0x114 Core/Src/main.o
 .debug_macro   0x0000000000014567      0x1b2 Core/Src/main.o
 .debug_macro   0x0000000000014719       0x27 Core/Src/main.o
 .debug_macro   0x0000000000014740      0x136 Core/Src/main.o
 .debug_macro   0x0000000000014876      0x1bc Core/Src/main.o
 .debug_macro   0x0000000000014a32       0x34 Core/Src/main.o
 .debug_macro   0x0000000000014a66       0x3c Core/Src/main.o
 .debug_macro   0x0000000000014aa2       0x57 Core/Src/main.o
 .debug_macro   0x0000000000014af9      0x46a Core/Src/main.o
 .debug_macro   0x0000000000014f63      0x1b5 Core/Src/main.o
 .debug_macro   0x0000000000015118       0x88 Core/Src/main.o
 .debug_macro   0x00000000000151a0      0x241 Core/Src/main.o
 .debug_macro   0x00000000000153e1      0x141 Core/Src/main.o
 .debug_macro   0x0000000000015522       0x65 Core/Src/main.o
 .debug_macro   0x0000000000015587      0x249 Core/Src/main.o
 .debug_macro   0x00000000000157d0       0x83 Core/Src/main.o
 .debug_macro   0x0000000000015853       0x52 Core/Src/main.o
 .debug_macro   0x00000000000158a5       0x18 Core/Src/main.o
 .debug_macro   0x00000000000158bd       0x3c Core/Src/main.o
 .debug_macro   0x00000000000158f9       0x34 Core/Src/main.o
 .debug_macro   0x000000000001592d       0x16 Core/Src/main.o
 .debug_macro   0x0000000000015943       0x35 Core/Src/main.o
 .debug_macro   0x0000000000015978      0x333 Core/Src/main.o
 .debug_macro   0x0000000000015cab       0x10 Core/Src/main.o
 .debug_macro   0x0000000000015cbb       0x16 Core/Src/main.o
 .debug_macro   0x0000000000015cd1       0x43 Core/Src/main.o
 .debug_macro   0x0000000000015d14       0x34 Core/Src/main.o
 .debug_macro   0x0000000000015d48       0x10 Core/Src/main.o
 .debug_macro   0x0000000000015d58       0x58 Core/Src/main.o
 .debug_macro   0x0000000000015db0       0x71 Core/Src/main.o
 .debug_macro   0x0000000000015e21       0x1c Core/Src/main.o
 .debug_macro   0x0000000000015e3d      0x12a Core/Src/main.o
 .debug_macro   0x0000000000015f67       0x10 Core/Src/main.o
 .debug_macro   0x0000000000015f77       0x1c Core/Src/main.o
 .debug_macro   0x0000000000015f93       0x52 Core/Src/main.o
 .debug_macro   0x0000000000015fe5       0x22 Core/Src/main.o
 .debug_macro   0x0000000000016007       0x10 Core/Src/main.o
 .debug_macro   0x0000000000016017       0x40 Core/Src/main.o
 .debug_macro   0x0000000000016057       0xd5 Core/Src/main.o
 .debug_macro   0x000000000001612c       0x1c Core/Src/main.o
 .debug_macro   0x0000000000016148       0x3d Core/Src/main.o
 .debug_macro   0x0000000000016185       0x16 Core/Src/main.o
 .debug_macro   0x000000000001619b      0x145 Core/Src/main.o
 .debug_macro   0x00000000000162e0       0x16 Core/Src/main.o
 .debug_macro   0x00000000000162f6       0x16 Core/Src/main.o
 .debug_macro   0x000000000001630c       0x29 Core/Src/main.o
 .debug_macro   0x0000000000016335       0x16 Core/Src/main.o
 .debug_macro   0x000000000001634b       0x20 Core/Src/main.o
 .debug_macro   0x000000000001636b       0x60 Core/Src/main.o
 .debug_macro   0x00000000000163cb      0x1c8 Core/Src/main.o
 .debug_macro   0x0000000000016593      0x1c6 Core/Src/stm32f1xx_hal_msp.o
 .debug_macro   0x0000000000016759      0x1d0 Core/Src/stm32f1xx_it.o
 .debug_macro   0x0000000000016929      0x1bc Core/Src/system_stm32f1xx.o
 .debug_macro   0x0000000000016ae5      0x1e0 Drivers/STM32F1xx_HAL_Driver/Src/stm32f1xx_hal.o
 .debug_macro   0x0000000000016cc5      0x1d9 Drivers/STM32F1xx_HAL_Driver/Src/stm32f1xx_hal_adc.o
 .debug_macro   0x0000000000016e9e      0x1bc Drivers/STM32F1xx_HAL_Driver/Src/stm32f1xx_hal_cortex.o
 .debug_macro   0x000000000001705a      0x1bc Drivers/STM32F1xx_HAL_Driver/Src/stm32f1xx_hal_dma.o
 .debug_macro   0x0000000000017216      0x227 Drivers/STM32F1xx_HAL_Driver/Src/stm32f1xx_hal_gpio.o
 .debug_macro   0x000000000001743d      0x1c8 Drivers/STM32F1xx_HAL_Driver/Src/stm32f1xx_hal_pcd.o
 .debug_macro   0x0000000000017605      0x1bc Drivers/STM32F1xx_HAL_Driver/Src/stm32f1xx_hal_pcd_ex.o
 .debug_macro   0x00000000000177c1      0x1ce Drivers/STM32F1xx_HAL_Driver/Src/stm32f1xx_hal_rcc.o
 .debug_macro   0x000000000001798f      0x1bc Drivers/STM32F1xx_HAL_Driver/Src/stm32f1xx_hal_rcc_ex.o
 .debug_macro   0x0000000000017b4b      0x1bc Drivers/STM32F1xx_HAL_Driver/Src/stm32f1xx_ll_usb.o
 .debug_macro   0x0000000000017d07      0x3dc Middlewares/ST/STM32_USB_Device_Library/Class/CDC/Src/usbd_cdc.o
 .debug_macro   0x00000000000180e3       0x97 Middlewares/ST/STM32_USB_Device_Library/Class/CDC/Src/usbd_cdc.o
 .debug_macro   0x000000000001817a       0xfd Middlewares/ST/STM32_USB_Device_Library/Class/CDC/Src/usbd_cdc.o
 .debug_macro   0x0000000000018277       0xbd Middlewares/ST/STM32_USB_Device_Library/Class/CDC/Src/usbd_cdc.o
 .debug_macro   0x0000000000018334       0x56 Middlewares/ST/STM32_USB_Device_Library/Class/CDC/Src/usbd_cdc.o
 .debug_macro   0x000000000001838a       0x8f Middlewares/ST/STM32_USB_Device_Library/Class/CDC/Src/usbd_cdc.o
 .debug_macro   0x0000000000018419      0x3c3 Middlewares/ST/STM32_USB_Device_Library/Core/Src/usbd_core.o
 .debug_macro   0x00000000000187dc      0x1ce Middlewares/ST/STM32_USB_Device_Library/Core/Src/usbd_core.o
 .debug_macro   0x00000000000189aa      0x3cd Middlewares/ST/STM32_USB_Device_Library/Core/Src/usbd_ctlreq.o
 .debug_macro   0x0000000000018d77      0x3c9 Middlewares/ST/STM32_USB_Device_Library/Core/Src/usbd_ioreq.o
 .debug_macro   0x0000000000019140      0x402 USB_DEVICE/App/usb_device.o
 .debug_macro   0x0000000000019542       0x94 USB_DEVICE/App/usb_device.o
 .debug_macro   0x00000000000195d6       0x16 USB_DEVICE/App/usb_device.o
 .debug_macro   0x00000000000195ec      0x3e7 USB_DEVICE/App/usbd_cdc_if.o
 .debug_macro   0x00000000000199d3       0x10 USB_DEVICE/App/usbd_cdc_if.o
 .debug_macro   0x00000000000199e3      0x400 USB_DEVICE/App/usbd_desc.o
 .debug_macro   0x0000000000019de3       0x8e USB_DEVICE/App/usbd_desc.o
 .debug_macro   0x0000000000019e71      0x3e6 USB_DEVICE/Target/usbd_conf.o

.debug_line     0x0000000000000000     0xff70
 .debug_line    0x0000000000000000      0xac4 Core/Src/main.o
 .debug_line    0x0000000000000ac4      0x724 Core/Src/stm32f1xx_hal_msp.o
 .debug_line    0x00000000000011e8      0x7a2 Core/Src/stm32f1xx_it.o
 .debug_line    0x000000000000198a      0x72e Core/Src/system_stm32f1xx.o
 .debug_line    0x00000000000020b8       0x84 Core/Startup/startup_stm32f103c8tx.o
 .debug_line    0x000000000000213c      0x95b Drivers/STM32F1xx_HAL_Driver/Src/stm32f1xx_hal.o
 .debug_line    0x0000000000002a97      0xfbb Drivers/STM32F1xx_HAL_Driver/Src/stm32f1xx_hal_adc.o
 .debug_line    0x0000000000003a52      0xb43 Drivers/STM32F1xx_HAL_Driver/Src/stm32f1xx_hal_cortex.o
 .debug_line    0x0000000000004595      0xdb3 Drivers/STM32F1xx_HAL_Driver/Src/stm32f1xx_hal_dma.o
 .debug_line    0x0000000000005348      0x9f2 Drivers/STM32F1xx_HAL_Driver/Src/stm32f1xx_hal_gpio.o
 .debug_line    0x0000000000005d3a     0x12da Drivers/STM32F1xx_HAL_Driver/Src/stm32f1xx_hal_pcd.o
 .debug_line    0x0000000000007014      0x729 Drivers/STM32F1xx_HAL_Driver/Src/stm32f1xx_hal_pcd_ex.o
 .debug_line    0x000000000000773d      0xd69 Drivers/STM32F1xx_HAL_Driver/Src/stm32f1xx_hal_rcc.o
 .debug_line    0x00000000000084a6      0x8a7 Drivers/STM32F1xx_HAL_Driver/Src/stm32f1xx_hal_rcc_ex.o
 .debug_line    0x0000000000008d4d      0xfb0 Drivers/STM32F1xx_HAL_Driver/Src/stm32f1xx_ll_usb.o
 .debug_line    0x0000000000009cfd      0xd3e Middlewares/ST/STM32_USB_Device_Library/Class/CDC/Src/usbd_cdc.o
 .debug_line    0x000000000000aa3b      0xdbe Middlewares/ST/STM32_USB_Device_Library/Core/Src/usbd_core.o
 .debug_line    0x000000000000b7f9      0xfdd Middlewares/ST/STM32_USB_Device_Library/Core/Src/usbd_ctlreq.o
 .debug_line    0x000000000000c7d6      0xa54 Middlewares/ST/STM32_USB_Device_Library/Core/Src/usbd_ioreq.o
 .debug_line    0x000000000000d22a      0xa14 USB_DEVICE/App/usb_device.o
 .debug_line    0x000000000000dc3e      0xa5c USB_DEVICE/App/usbd_cdc_if.o
 .debug_line    0x000000000000e69a      0xadd USB_DEVICE/App/usbd_desc.o
 .debug_line    0x000000000000f177      0xdf9 USB_DEVICE/Target/usbd_conf.o

.debug_str      0x0000000000000000    0x89d7b
 .debug_str     0x0000000000000000    0x869e7 Core/Src/main.o
                                      0x86eda (size before relaxing)
 .debug_str     0x00000000000869e7       0xc4 Core/Src/stm32f1xx_hal_msp.o
                                      0x81ea6 (size before relaxing)
 .debug_str     0x0000000000086aab      0x3c7 Core/Src/stm32f1xx_it.o
                                      0x82046 (size before relaxing)
 .debug_str     0x0000000000086e72       0x52 Core/Src/system_stm32f1xx.o
                                      0x81ae1 (size before relaxing)
 .debug_str     0x0000000000086ec4       0x36 Core/Startup/startup_stm32f103c8tx.o
                                         0x7b (size before relaxing)
 .debug_str     0x0000000000086efa      0x2fa Drivers/STM32F1xx_HAL_Driver/Src/stm32f1xx_hal.o
                                      0x82172 (size before relaxing)
 .debug_str     0x00000000000871f4      0x345 Drivers/STM32F1xx_HAL_Driver/Src/stm32f1xx_hal_adc.o
                                      0x82171 (size before relaxing)
 .debug_str     0x0000000000087539      0x2d8 Drivers/STM32F1xx_HAL_Driver/Src/stm32f1xx_hal_cortex.o
                                      0x8217a (size before relaxing)
 .debug_str     0x0000000000087811      0x235 Drivers/STM32F1xx_HAL_Driver/Src/stm32f1xx_hal_dma.o
                                      0x81ebc (size before relaxing)
 .debug_str     0x0000000000087a46      0x33b Drivers/STM32F1xx_HAL_Driver/Src/stm32f1xx_hal_gpio.o
                                      0x81ea5 (size before relaxing)
 .debug_str     0x0000000000087d81      0x3e5 Drivers/STM32F1xx_HAL_Driver/Src/stm32f1xx_hal_pcd.o
                                      0x82234 (size before relaxing)
 .debug_str     0x0000000000088166      0x18d Drivers/STM32F1xx_HAL_Driver/Src/stm32f1xx_hal_pcd_ex.o
                                      0x81f81 (size before relaxing)
 .debug_str     0x00000000000882f3      0x24f Drivers/STM32F1xx_HAL_Driver/Src/stm32f1xx_hal_rcc.o
                                      0x81ede (size before relaxing)
 .debug_str     0x0000000000088542       0xb9 Drivers/STM32F1xx_HAL_Driver/Src/stm32f1xx_hal_rcc_ex.o
                                      0x81c6b (size before relaxing)
 .debug_str     0x00000000000885fb      0x2ad Drivers/STM32F1xx_HAL_Driver/Src/stm32f1xx_ll_usb.o
                                      0x81fb4 (size before relaxing)
 .debug_str     0x00000000000888a8      0x8d9 Middlewares/ST/STM32_USB_Device_Library/Class/CDC/Src/usbd_cdc.o
                                      0x872ea (size before relaxing)
 .debug_str     0x0000000000089181      0x1b5 Middlewares/ST/STM32_USB_Device_Library/Core/Src/usbd_core.o
                                      0x86be5 (size before relaxing)
 .debug_str     0x0000000000089336      0x134 Middlewares/ST/STM32_USB_Device_Library/Core/Src/usbd_ctlreq.o
                                      0x86b6b (size before relaxing)
 .debug_str     0x000000000008946a       0xc9 Middlewares/ST/STM32_USB_Device_Library/Core/Src/usbd_ioreq.o
                                      0x86af3 (size before relaxing)
 .debug_str     0x0000000000089533      0x42f USB_DEVICE/App/usb_device.o
                                      0x87171 (size before relaxing)
 .debug_str     0x0000000000089962       0x76 USB_DEVICE/App/usbd_cdc_if.o
                                      0x86e92 (size before relaxing)
 .debug_str     0x00000000000899d8      0x25a USB_DEVICE/App/usbd_desc.o
                                      0x86d77 (size before relaxing)
 .debug_str     0x0000000000089c32      0x149 USB_DEVICE/Target/usbd_conf.o
                                      0x87710 (size before relaxing)

.comment        0x0000000000000000       0x53
 .comment       0x0000000000000000       0x53 Core/Src/main.o
                                         0x54 (size before relaxing)
 .comment       0x0000000000000053       0x54 Core/Src/stm32f1xx_hal_msp.o
 .comment       0x0000000000000053       0x54 Core/Src/stm32f1xx_it.o
 .comment       0x0000000000000053       0x54 Core/Src/system_stm32f1xx.o
 .comment       0x0000000000000053       0x54 Drivers/STM32F1xx_HAL_Driver/Src/stm32f1xx_hal.o
 .comment       0x0000000000000053       0x54 Drivers/STM32F1xx_HAL_Driver/Src/stm32f1xx_hal_adc.o
 .comment       0x0000000000000053       0x54 Drivers/STM32F1xx_HAL_Driver/Src/stm32f1xx_hal_cortex.o
 .comment       0x0000000000000053       0x54 Drivers/STM32F1xx_HAL_Driver/Src/stm32f1xx_hal_dma.o
 .comment       0x0000000000000053       0x54 Drivers/STM32F1xx_HAL_Driver/Src/stm32f1xx_hal_gpio.o
 .comment       0x0000000000000053       0x54 Drivers/STM32F1xx_HAL_Driver/Src/stm32f1xx_hal_pcd.o
 .comment       0x0000000000000053       0x54 Drivers/STM32F1xx_HAL_Driver/Src/stm32f1xx_hal_pcd_ex.o
 .comment       0x0000000000000053       0x54 Drivers/STM32F1xx_HAL_Driver/Src/stm32f1xx_hal_rcc.o
 .comment       0x0000000000000053       0x54 Drivers/STM32F1xx_HAL_Driver/Src/stm32f1xx_hal_rcc_ex.o
 .comment       0x0000000000000053       0x54 Drivers/STM32F1xx_HAL_Driver/Src/stm32f1xx_ll_usb.o
 .comment       0x0000000000000053       0x54 Middlewares/ST/STM32_USB_Device_Library/Class/CDC/Src/usbd_cdc.o
 .comment       0x0000000000000053       0x54 Middlewares/ST/STM32_USB_Device_Library/Core/Src/usbd_core.o
 .comment       0x0000000000000053       0x54 Middlewares/ST/STM32_USB_Device_Library/Core/Src/usbd_ctlreq.o
 .comment       0x0000000000000053       0x54 Middlewares/ST/STM32_USB_Device_Library/Core/Src/usbd_ioreq.o
 .comment       0x0000000000000053       0x54 USB_DEVICE/App/usb_device.o
 .comment       0x0000000000000053       0x54 USB_DEVICE/App/usbd_cdc_if.o
 .comment       0x0000000000000053       0x54 USB_DEVICE/App/usbd_desc.o
 .comment       0x0000000000000053       0x54 USB_DEVICE/Target/usbd_conf.o

.debug_frame    0x0000000000000000     0x2e8c
 .debug_frame   0x0000000000000000      0x100 Core/Src/main.o
 .debug_frame   0x0000000000000100       0x80 Core/Src/stm32f1xx_hal_msp.o
 .debug_frame   0x0000000000000180      0x13c Core/Src/stm32f1xx_it.o
 .debug_frame   0x00000000000002bc       0x58 Core/Src/system_stm32f1xx.o
 .debug_frame   0x0000000000000314      0x334 Drivers/STM32F1xx_HAL_Driver/Src/stm32f1xx_hal.o
 .debug_frame   0x0000000000000648      0x40c Drivers/STM32F1xx_HAL_Driver/Src/stm32f1xx_hal_adc.o
 .debug_frame   0x0000000000000a54      0x428 Drivers/STM32F1xx_HAL_Driver/Src/stm32f1xx_hal_cortex.o
 .debug_frame   0x0000000000000e7c      0x208 Drivers/STM32F1xx_HAL_Driver/Src/stm32f1xx_hal_dma.o
 .debug_frame   0x0000000000001084      0x14c Drivers/STM32F1xx_HAL_Driver/Src/stm32f1xx_hal_gpio.o
 .debug_frame   0x00000000000011d0      0x578 Drivers/STM32F1xx_HAL_Driver/Src/stm32f1xx_hal_pcd.o
 .debug_frame   0x0000000000001748       0xb0 Drivers/STM32F1xx_HAL_Driver/Src/stm32f1xx_hal_pcd_ex.o
 .debug_frame   0x00000000000017f8      0x21c Drivers/STM32F1xx_HAL_Driver/Src/stm32f1xx_hal_rcc.o
 .debug_frame   0x0000000000001a14       0x84 Drivers/STM32F1xx_HAL_Driver/Src/stm32f1xx_hal_rcc_ex.o
 .debug_frame   0x0000000000001a98      0x450 Drivers/STM32F1xx_HAL_Driver/Src/stm32f1xx_ll_usb.o
 .debug_frame   0x0000000000001ee8      0x248 Middlewares/ST/STM32_USB_Device_Library/Class/CDC/Src/usbd_cdc.o
 .debug_frame   0x0000000000002130      0x300 Middlewares/ST/STM32_USB_Device_Library/Core/Src/usbd_core.o
 .debug_frame   0x0000000000002430      0x218 Middlewares/ST/STM32_USB_Device_Library/Core/Src/usbd_ctlreq.o
 .debug_frame   0x0000000000002648      0x10c Middlewares/ST/STM32_USB_Device_Library/Core/Src/usbd_ioreq.o
 .debug_frame   0x0000000000002754       0x2c USB_DEVICE/App/usb_device.o
 .debug_frame   0x0000000000002780       0xbc USB_DEVICE/App/usbd_cdc_if.o
 .debug_frame   0x000000000000283c      0x160 USB_DEVICE/App/usbd_desc.o
 .debug_frame   0x000000000000299c      0x4a4 USB_DEVICE/Target/usbd_conf.o
 .debug_frame   0x0000000000002e40       0x2c /home/furkan/st/stm32cubeide_1.6.1_2/plugins/com.st.stm32cube.ide.mcu.externaltools.gnu-tools-for-stm32.9-2020-q2-update.linux64_1.5.0.202011040924/tools/bin/../lib/gcc/arm-none-eabi/9.3.1/../../../../arm-none-eabi/lib/thumb/v7-m/nofp/libc_nano.a(lib_a-init.o)
 .debug_frame   0x0000000000002e6c       0x20 /home/furkan/st/stm32cubeide_1.6.1_2/plugins/com.st.stm32cube.ide.mcu.externaltools.gnu-tools-for-stm32.9-2020-q2-update.linux64_1.5.0.202011040924/tools/bin/../lib/gcc/arm-none-eabi/9.3.1/../../../../arm-none-eabi/lib/thumb/v7-m/nofp/libc_nano.a(lib_a-memset.o)
